Archive member included because of file (symbol)

C:\CSR_uEnergy_SDK-2.3.0.31\tools\lib\CSR101x_A05\libgatt_lib_ram.a(patch_ls_app_if.o)
                              depend_Release_CSR101x_A05\glucose_service.o (LsRadioEventNotification)
C:\CSR_uEnergy_SDK-2.3.0.31\tools\lib\CSR101x_A05\libgatt_lib_ram.a(ls_app_if_ram.o)
                              depend_Release_CSR101x_A05\glucose_sensor_gatt.o (LsReadTransmitPowerLevel)
C:\CSR_uEnergy_SDK-2.3.0.31\tools\lib\CSR101x_A05\libgatt_lib_ram.a(patch_ls_advertising_if.o)
                              C:\CSR_uEnergy_SDK-2.3.0.31\tools\lib\CSR101x_A05\libgatt_lib_ram.a(patch_ls_app_if.o) (___libgatt_lib_db_4563)
C:\CSR_uEnergy_SDK-2.3.0.31\tools\lib\CSR101x_A05\libgatt_lib_ram.a(gatt_ram.o)
                              depend_Release_CSR101x_A05\glucose_sensor.o (GattInit)
C:\CSR_uEnergy_SDK-2.3.0.31\tools\lib\CSR101x_A05\libgatt_lib_ram.a(patch_gatt.o)
                              depend_Release_CSR101x_A05\glucose_sensor_gatt.o (GattCancelConnectReq)
C:\CSR_uEnergy_SDK-2.3.0.31\tools\lib\CSR101x_A05\libgatt_lib_ram.a(sm_pair_auth.o)
                              depend_Release_CSR101x_A05\glucose_sensor.o (SMPairingAuthRsp)
C:\CSR_uEnergy_SDK-2.3.0.31\tools\lib\CSR101x_A05\libgatt_lib_ram.a(sm_ram.o)
                              C:\CSR_uEnergy_SDK-2.3.0.31\tools\lib\CSR101x_A05\libgatt_lib_ram.a(gatt_ram.o) (___libgatt_lib_db_476)
C:\CSR_uEnergy_SDK-2.3.0.31\tools\lib\CSR101x_A05\libgatt_lib_ram.a(sm_div.o)
                              depend_Release_CSR101x_A05\glucose_sensor.o (SMDivApproval)
C:\CSR_uEnergy_SDK-2.3.0.31\tools\lib\CSR101x_A05\libgatt_lib_ram.a(patch_sm.o)
                              C:\CSR_uEnergy_SDK-2.3.0.31\tools\lib\CSR101x_A05\libgatt_lib_ram.a(sm_ram.o) (sm_pairing_auth_ind)
C:\CSR_uEnergy_SDK-2.3.0.31\tools\lib\CSR101x_A05\libgatt_lib_ram.a(patch_george.o)
                              C:\CSR_uEnergy_SDK-2.3.0.31\tools\lib\CSR101x_A05\libgatt_lib_ram.a(patch_ls_app_if.o) (___libgatt_lib_db_4596)
C:\CSR_uEnergy_SDK-2.3.0.31\tools\lib\CSR101x_A05\libgatt_lib_ram.a(patch_george_ll.o)
                              C:\CSR_uEnergy_SDK-2.3.0.31\tools\lib\CSR101x_A05\libgatt_lib_ram.a(patch_george.o) (___libgatt_lib_db_4608)
C:\CSR_uEnergy_SDK-2.3.0.31\tools\lib\CSR101x_A05\libgatt_lib_ram.a(patch_dbase.o)
                              C:\CSR_uEnergy_SDK-2.3.0.31\tools\lib\CSR101x_A05\libgatt_lib_ram.a(patch_george.o) (___libgatt_lib_db_4619)
C:\CSR_uEnergy_SDK-2.3.0.31\tools\lib\CSR101x_A05\libgatt_lib_ram.a(hal_debugbus_state.o)
                              C:\CSR_uEnergy_SDK-2.3.0.31\tools\lib\CSR101x_A05\libgatt_lib_ram.a(patch_george_ll.o) (___libgatt_lib_db_4640)
C:\CSR_uEnergy_SDK-2.3.0.31\tools\lib\CSR101x_A05\libgatt_lib_ram.a(patch_halradiotrim.o)
                              C:\CSR_uEnergy_SDK-2.3.0.31\tools\lib\CSR101x_A05\libgatt_lib_ram.a(ls_app_if_ram.o) (___libgatt_lib_db_4645)
C:\CSR_uEnergy_SDK-2.3.0.31\tools\lib\CSR101x_A05\libgatt_lib_ram.a(patch_timer.o)
                              C:\CSR_uEnergy_SDK-2.3.0.31\tools\lib\CSR101x_A05\libgatt_lib_ram.a(patch_ls_app_if.o) (___libgatt_lib_db_4656)
C:\CSR_uEnergy_SDK-2.3.0.31\tools\lib\CSR101x_A05\libgatt_lib_ram.a(main_ram.o)
                              (main_ram_app_init)
C:\CSR_uEnergy_SDK-2.3.0.31\tools\lib\CSR101x_A05\libgatt_lib_ram.a(hw_patch_install.o)
                              C:\CSR_uEnergy_SDK-2.3.0.31\tools\lib\CSR101x_A05\libgatt_lib_ram.a(main_ram.o) (___libgatt_lib_db_4364)
C:\CSR_uEnergy_SDK-2.3.0.31\tools\lib\CSR101x_A05\libgatt_lib_ram.a(patch_baldrick.o)
                              (hw_patch)
C:\CSR_uEnergy_SDK-2.3.0.31\tools\lib\CSR101x_A05\libgatt_lib_ram.a(patch_i2c_app_mem_mgr.o)
                              depend_Release_CSR101x_A05\glucose_sensor.o (NvmConfigureI2cEeprom)
C:\CSR_uEnergy_SDK-2.3.0.31\tools\lib\CSR101x_A05\libgatt_lib_ram.a(id_ram.o)
                              C:\CSR_uEnergy_SDK-2.3.0.31\tools\lib\CSR101x_A05\libgatt_lib_ram.a(patch_george_ll.o) (IdGetLlVerBtle)
C:\CSR_uEnergy_SDK-2.3.0.31\tools\lib\CSR101x_A05\libgatt_lib_ram.a(slut.o)
                              (slut)
C:\CSR_uEnergy_SDK-2.3.0.31\tools\lib\CSR101x_A05\libgatt_lib_ram.a(sw_patch_ram.o)
                              (patch_bitmap)
C:\CSR_uEnergy_SDK-2.3.0.31\tools\lib\CSR101x_A05\libgatt_lib_ram.a(CONFIG_STORE.o)
                              (___libgatt_lib_db_4269)
C:\CSR_uEnergy_SDK-2.3.0.31\tools\lib\CSR101x_A05\libgatt_lib_ram.a(.romradiodata.o)
                              (DATA_TIMERSTRUCT_START)
C:\CSR_uEnergy_SDK-2.3.0.31\tools\lib\CSR101x_A05\libgatt_lib_ram.a(patch_ls_l2cap_if.o)
                              C:\CSR_uEnergy_SDK-2.3.0.31\tools\lib\CSR101x_A05\libgatt_lib_ram.a(sw_patch_ram.o) (___libgatt_lib_db_4565)
C:\CSR_uEnergy_SDK-2.3.0.31\tools\lib\CSR101x_A05\libgatt_lib_ram.a(patch_att_install.o)
                              C:\CSR_uEnergy_SDK-2.3.0.31\tools\lib\CSR101x_A05\libgatt_lib_ram.a(sw_patch_ram.o) (___libgatt_lib_db_4567)
C:\CSR_uEnergy_SDK-2.3.0.31\tools\lib\CSR101x_A05\libgatt_lib_ram.a(patch_george_adv.o)
                              C:\CSR_uEnergy_SDK-2.3.0.31\tools\lib\CSR101x_A05\libgatt_lib_ram.a(sw_patch_ram.o) (___libgatt_lib_db_4615)
C:\CSR_uEnergy_SDK-2.3.0.31\tools\lib\CSR101x_A05\libgatt_lib_ram.a(patch_halradio.o)
                              C:\CSR_uEnergy_SDK-2.3.0.31\tools\lib\CSR101x_A05\libgatt_lib_ram.a(sw_patch_ram.o) (___libgatt_lib_db_4652)
C:\CSR_uEnergy_SDK-2.3.0.31\tools\lib\CSR101x_A05\libgatt_lib_ram.a(patch_reset.o)
                              C:\CSR_uEnergy_SDK-2.3.0.31\tools\lib\CSR101x_A05\libgatt_lib_ram.a(sw_patch_ram.o) (___libgatt_lib_db_4207)
C:\CSR_uEnergy_SDK-2.3.0.31\tools\lib\CSR101x_A05\libgatt_lib_ram.a(patch_pools.o)
                              C:\CSR_uEnergy_SDK-2.3.0.31\tools\lib\CSR101x_A05\libgatt_lib_ram.a(sw_patch_ram.o) (___libgatt_lib_db_4657)
C:\CSR_uEnergy_SDK-2.3.0.31\tools\lib\CSR101x_A05\libgatt_lib_ram.a(patch_background_loop.o)
                              C:\CSR_uEnergy_SDK-2.3.0.31\tools\lib\CSR101x_A05\libgatt_lib_ram.a(sw_patch_ram.o) (___libgatt_lib_db_4660)
C:\CSR_uEnergy_SDK-2.3.0.31\tools\lib\CSR101x_A05\libgatt_lib_ram.a(patch_fault.o)
                              C:\CSR_uEnergy_SDK-2.3.0.31\tools\lib\CSR101x_A05\libgatt_lib_ram.a(sw_patch_ram.o) (___libgatt_lib_db_4662)
C:\CSR_uEnergy_SDK-2.3.0.31\tools\lib\CSR101x_A05\libgatt_lib_ram.a(patch_pmu.o)
                              C:\CSR_uEnergy_SDK-2.3.0.31\tools\lib\CSR101x_A05\libgatt_lib_ram.a(sw_patch_ram.o) (___libgatt_lib_db_4670)
C:\CSR_uEnergy_SDK-2.3.0.31\tools\lib\CSR101x_A05\libgatt_lib_ram.a(patch_thermometer.o)
                              C:\CSR_uEnergy_SDK-2.3.0.31\tools\lib\CSR101x_A05\libgatt_lib_ram.a(sw_patch_ram.o) (___libgatt_lib_db_4214)

Allocating common symbols
Common symbol       size              file

pairing_req_instance
                    0x1               C:\CSR_uEnergy_SDK-2.3.0.31\tools\lib\CSR101x_A05\libgatt_lib_ram.a(sm_pair_auth.o)
sm_long_term_key_ind
                    0x1               C:\CSR_uEnergy_SDK-2.3.0.31\tools\lib\CSR101x_A05\libgatt_lib_ram.a(patch_sm.o)
sm_pairing_auth_ind
                    0x1               C:\CSR_uEnergy_SDK-2.3.0.31\tools\lib\CSR101x_A05\libgatt_lib_ram.a(patch_sm.o)
g_dev_info_data     0x8               depend_Release_CSR101x_A05\dev_info_service.o
g_batt_data         0x3               depend_Release_CSR101x_A05\battery_service.o
g_app_hw_data       0x4               depend_Release_CSR101x_A05\glucose_sensor_hw.o
g_gs_data           0x21              depend_Release_CSR101x_A05\glucose_sensor.o
enable_lowduty_directed_adv
                    0x1               C:\CSR_uEnergy_SDK-2.3.0.31\tools\lib\CSR101x_A05\libgatt_lib_ram.a(patch_george.o)
g_glucose_data      0xfb1             depend_Release_CSR101x_A05\glucose_service.o
george_earliest_transmit_offset
                    0x3               C:\CSR_uEnergy_SDK-2.3.0.31\tools\lib\CSR101x_A05\libgatt_lib_ram.a(patch_george_ll.o)
g_gap_data          0x3               depend_Release_CSR101x_A05\gap_service.o

Discarded input sections

 .text          0x00000000        0x0 depend_Release_CSR101x_A05\app_gatt_db.o
 .data          0x00000000        0x0 depend_Release_CSR101x_A05\app_gatt_db.o
 .bss           0x00000000        0x0 depend_Release_CSR101x_A05\app_gatt_db.o
 .text          0x00000000        0x0 depend_Release_CSR101x_A05\glucose_service.o
 .data          0x00000000        0x0 depend_Release_CSR101x_A05\glucose_service.o
 .bss           0x00000000        0x0 depend_Release_CSR101x_A05\glucose_service.o
 .text          0x00000000        0x0 depend_Release_CSR101x_A05\battery_service.o
 .data          0x00000000        0x0 depend_Release_CSR101x_A05\battery_service.o
 .bss           0x00000000        0x0 depend_Release_CSR101x_A05\battery_service.o
 .text          0x00000000        0x0 depend_Release_CSR101x_A05\dev_info_service.o
 .data          0x00000000        0x0 depend_Release_CSR101x_A05\dev_info_service.o
 .bss           0x00000000        0x0 depend_Release_CSR101x_A05\dev_info_service.o
 .text          0x00000000        0x0 depend_Release_CSR101x_A05\gap_service.o
 .data          0x00000000        0x0 depend_Release_CSR101x_A05\gap_service.o
 .bss           0x00000000        0x0 depend_Release_CSR101x_A05\gap_service.o
 .text          0x00000000        0x0 depend_Release_CSR101x_A05\glucose_sensor.o
 .data          0x00000000        0x0 depend_Release_CSR101x_A05\glucose_sensor.o
 .bss           0x00000000        0x0 depend_Release_CSR101x_A05\glucose_sensor.o
 .text          0x00000000        0x0 depend_Release_CSR101x_A05\glucose_sensor_gatt.o
 .data          0x00000000        0x0 depend_Release_CSR101x_A05\glucose_sensor_gatt.o
 .bss           0x00000000        0x0 depend_Release_CSR101x_A05\glucose_sensor_gatt.o
 .text          0x00000000        0x0 depend_Release_CSR101x_A05\glucose_sensor_hw.o
 .data          0x00000000        0x0 depend_Release_CSR101x_A05\glucose_sensor_hw.o
 .bss           0x00000000        0x0 depend_Release_CSR101x_A05\glucose_sensor_hw.o
 .text.FormulateNAddGlucoseMeasData
                0x00000000        0x0 depend_Release_CSR101x_A05\glucose_sensor_hw.o
 .text          0x00000000        0x0 depend_Release_CSR101x_A05\nvm_access.o
 .data          0x00000000        0x0 depend_Release_CSR101x_A05\nvm_access.o
 .bss           0x00000000        0x0 depend_Release_CSR101x_A05\nvm_access.o
 .text          0x00000000        0x0 depend_Release_CSR101x_A05\uartio.o
 .data          0x00000000        0x0 depend_Release_CSR101x_A05\uartio.o
 .bss           0x00000000        0x0 depend_Release_CSR101x_A05\uartio.o
 .text.printForDebug
                0x00000000        0x0 depend_Release_CSR101x_A05\uartio.o
 .text.readRecords
                0x00000000        0x0 depend_Release_CSR101x_A05\uartio.o
 .text          0x00000000        0x0 depend_Release_CSR101x_A05\byte_queue.o
 .data          0x00000000        0x0 depend_Release_CSR101x_A05\byte_queue.o
 .bss           0x00000000        0x0 depend_Release_CSR101x_A05\byte_queue.o
 .text.BQGetBufferCapacity
                0x00000000        0x0 depend_Release_CSR101x_A05\byte_queue.o
 .text.BQGetAvailableSize
                0x00000000        0x0 depend_Release_CSR101x_A05\byte_queue.o
 .text.BQClearBuffer
                0x00000000        0x0 depend_Release_CSR101x_A05\byte_queue.o
 .text.BQPopBytes
                0x00000000        0x0 depend_Release_CSR101x_A05\byte_queue.o
 .text.BQSafeQueueBytes
                0x00000000        0x0 depend_Release_CSR101x_A05\byte_queue.o
 .text          0x00000000        0x0 depend_Release_CSR101x_A05\Calc_CRC.o
 .data          0x00000000        0x0 depend_Release_CSR101x_A05\Calc_CRC.o
 .bss           0x00000000        0x0 depend_Release_CSR101x_A05\Calc_CRC.o
 .text.crc_calculate_crc
                0x00000000        0x0 depend_Release_CSR101x_A05\Calc_CRC.o
 .text          0x00000000        0x0 C:\CSR_uEnergy_SDK-2.3.0.31\tools\lib\CSR101x_A05\libgatt_lib_ram.a(patch_ls_app_if.o)
 .data          0x00000000        0x0 C:\CSR_uEnergy_SDK-2.3.0.31\tools\lib\CSR101x_A05\libgatt_lib_ram.a(patch_ls_app_if.o)
 .bss           0x00000000        0x0 C:\CSR_uEnergy_SDK-2.3.0.31\tools\lib\CSR101x_A05\libgatt_lib_ram.a(patch_ls_app_if.o)
 .text.LsSetTgapConnParamTimeout
                0x00000000        0x0 C:\CSR_uEnergy_SDK-2.3.0.31\tools\lib\CSR101x_A05\libgatt_lib_ram.a(patch_ls_app_if.o)
 .text.LsRxTimingReport
                0x00000000        0x0 C:\CSR_uEnergy_SDK-2.3.0.31\tools\lib\CSR101x_A05\libgatt_lib_ram.a(patch_ls_app_if.o)
 .text.LsHoldTxUntilRx
                0x00000000        0x0 C:\CSR_uEnergy_SDK-2.3.0.31\tools\lib\CSR101x_A05\libgatt_lib_ram.a(patch_ls_app_if.o)
 .text          0x00000000        0x0 C:\CSR_uEnergy_SDK-2.3.0.31\tools\lib\CSR101x_A05\libgatt_lib_ram.a(ls_app_if_ram.o)
 .data          0x00000000        0x0 C:\CSR_uEnergy_SDK-2.3.0.31\tools\lib\CSR101x_A05\libgatt_lib_ram.a(ls_app_if_ram.o)
 .bss           0x00000000        0x0 C:\CSR_uEnergy_SDK-2.3.0.31\tools\lib\CSR101x_A05\libgatt_lib_ram.a(ls_app_if_ram.o)
 .text.LsDisableSlaveLatency
                0x00000000        0x0 C:\CSR_uEnergy_SDK-2.3.0.31\tools\lib\CSR101x_A05\libgatt_lib_ram.a(ls_app_if_ram.o)
 .text.LsSetTransmitPowerLevel
                0x00000000        0x0 C:\CSR_uEnergy_SDK-2.3.0.31\tools\lib\CSR101x_A05\libgatt_lib_ram.a(ls_app_if_ram.o)
 .text          0x00000000        0x0 C:\CSR_uEnergy_SDK-2.3.0.31\tools\lib\CSR101x_A05\libgatt_lib_ram.a(patch_ls_advertising_if.o)
 .data          0x00000000        0x0 C:\CSR_uEnergy_SDK-2.3.0.31\tools\lib\CSR101x_A05\libgatt_lib_ram.a(patch_ls_advertising_if.o)
 .bss           0x00000000        0x0 C:\CSR_uEnergy_SDK-2.3.0.31\tools\lib\CSR101x_A05\libgatt_lib_ram.a(patch_ls_advertising_if.o)
 .text.LsStartStopAdvertise
                0x00000000        0x0 C:\CSR_uEnergy_SDK-2.3.0.31\tools\lib\CSR101x_A05\libgatt_lib_ram.a(patch_ls_advertising_if.o)
 .text          0x00000000        0x0 C:\CSR_uEnergy_SDK-2.3.0.31\tools\lib\CSR101x_A05\libgatt_lib_ram.a(gatt_ram.o)
 .data          0x00000000        0x0 C:\CSR_uEnergy_SDK-2.3.0.31\tools\lib\CSR101x_A05\libgatt_lib_ram.a(gatt_ram.o)
 .bss           0x00000000        0x0 C:\CSR_uEnergy_SDK-2.3.0.31\tools\lib\CSR101x_A05\libgatt_lib_ram.a(gatt_ram.o)
 .text          0x00000000        0x0 C:\CSR_uEnergy_SDK-2.3.0.31\tools\lib\CSR101x_A05\libgatt_lib_ram.a(patch_gatt.o)
 .data          0x00000000        0x0 C:\CSR_uEnergy_SDK-2.3.0.31\tools\lib\CSR101x_A05\libgatt_lib_ram.a(patch_gatt.o)
 .bss           0x00000000        0x0 C:\CSR_uEnergy_SDK-2.3.0.31\tools\lib\CSR101x_A05\libgatt_lib_ram.a(patch_gatt.o)
 .data          0x00000000        0x0 C:\CSR_uEnergy_SDK-2.3.0.31\tools\lib\CSR101x_A05\libgatt_lib_ram.a(sm_pair_auth.o)
 .data          0x00000000        0x0 C:\CSR_uEnergy_SDK-2.3.0.31\tools\lib\CSR101x_A05\libgatt_lib_ram.a(sm_ram.o)
 .bss           0x00000000        0x0 C:\CSR_uEnergy_SDK-2.3.0.31\tools\lib\CSR101x_A05\libgatt_lib_ram.a(sm_ram.o)
 .data          0x00000000        0x0 C:\CSR_uEnergy_SDK-2.3.0.31\tools\lib\CSR101x_A05\libgatt_lib_ram.a(sm_div.o)
 .bss           0x00000000        0x0 C:\CSR_uEnergy_SDK-2.3.0.31\tools\lib\CSR101x_A05\libgatt_lib_ram.a(sm_div.o)
 .data          0x00000000        0x0 C:\CSR_uEnergy_SDK-2.3.0.31\tools\lib\CSR101x_A05\libgatt_lib_ram.a(patch_sm.o)
 .text          0x00000000        0x0 C:\CSR_uEnergy_SDK-2.3.0.31\tools\lib\CSR101x_A05\libgatt_lib_ram.a(patch_george.o)
 .data          0x00000000        0x0 C:\CSR_uEnergy_SDK-2.3.0.31\tools\lib\CSR101x_A05\libgatt_lib_ram.a(patch_george.o)
 .bss           0x00000000        0x0 C:\CSR_uEnergy_SDK-2.3.0.31\tools\lib\CSR101x_A05\libgatt_lib_ram.a(patch_george.o)
 .text.___libgatt_lib_db_4596
                0x00000000        0x0 C:\CSR_uEnergy_SDK-2.3.0.31\tools\lib\CSR101x_A05\libgatt_lib_ram.a(patch_george.o)
 .text.___libgatt_lib_db_4597
                0x00000000        0x0 C:\CSR_uEnergy_SDK-2.3.0.31\tools\lib\CSR101x_A05\libgatt_lib_ram.a(patch_george.o)
 .text.___libgatt_lib_db_4595
                0x00000000        0x0 C:\CSR_uEnergy_SDK-2.3.0.31\tools\lib\CSR101x_A05\libgatt_lib_ram.a(patch_george.o)
 .text          0x00000000        0x0 C:\CSR_uEnergy_SDK-2.3.0.31\tools\lib\CSR101x_A05\libgatt_lib_ram.a(patch_george_ll.o)
 .data          0x00000000        0x0 C:\CSR_uEnergy_SDK-2.3.0.31\tools\lib\CSR101x_A05\libgatt_lib_ram.a(patch_george_ll.o)
 .bss           0x00000000        0x0 C:\CSR_uEnergy_SDK-2.3.0.31\tools\lib\CSR101x_A05\libgatt_lib_ram.a(patch_george_ll.o)
 .text          0x00000000        0x0 C:\CSR_uEnergy_SDK-2.3.0.31\tools\lib\CSR101x_A05\libgatt_lib_ram.a(patch_dbase.o)
 .data          0x00000000        0x0 C:\CSR_uEnergy_SDK-2.3.0.31\tools\lib\CSR101x_A05\libgatt_lib_ram.a(patch_dbase.o)
 .bss           0x00000000        0x0 C:\CSR_uEnergy_SDK-2.3.0.31\tools\lib\CSR101x_A05\libgatt_lib_ram.a(patch_dbase.o)
 .text.dbase_safe_access_check_curr
                0x00000000        0x0 C:\CSR_uEnergy_SDK-2.3.0.31\tools\lib\CSR101x_A05\libgatt_lib_ram.a(patch_dbase.o)
 .text.___libgatt_lib_db_4627
                0x00000000        0x0 C:\CSR_uEnergy_SDK-2.3.0.31\tools\lib\CSR101x_A05\libgatt_lib_ram.a(patch_dbase.o)
 .text.___libgatt_lib_db_4623
                0x00000000        0x0 C:\CSR_uEnergy_SDK-2.3.0.31\tools\lib\CSR101x_A05\libgatt_lib_ram.a(patch_dbase.o)
 .text.___libgatt_lib_db_4628
                0x00000000        0x0 C:\CSR_uEnergy_SDK-2.3.0.31\tools\lib\CSR101x_A05\libgatt_lib_ram.a(patch_dbase.o)
 .text.___libgatt_lib_db_4624
                0x00000000        0x0 C:\CSR_uEnergy_SDK-2.3.0.31\tools\lib\CSR101x_A05\libgatt_lib_ram.a(patch_dbase.o)
 .text.___libgatt_lib_db_4626
                0x00000000        0x0 C:\CSR_uEnergy_SDK-2.3.0.31\tools\lib\CSR101x_A05\libgatt_lib_ram.a(patch_dbase.o)
 .text.___libgatt_lib_db_4622
                0x00000000        0x0 C:\CSR_uEnergy_SDK-2.3.0.31\tools\lib\CSR101x_A05\libgatt_lib_ram.a(patch_dbase.o)
 .text.___libgatt_lib_db_4625
                0x00000000        0x0 C:\CSR_uEnergy_SDK-2.3.0.31\tools\lib\CSR101x_A05\libgatt_lib_ram.a(patch_dbase.o)
 .text.___libgatt_lib_db_4621
                0x00000000        0x0 C:\CSR_uEnergy_SDK-2.3.0.31\tools\lib\CSR101x_A05\libgatt_lib_ram.a(patch_dbase.o)
 .text          0x00000000        0x0 C:\CSR_uEnergy_SDK-2.3.0.31\tools\lib\CSR101x_A05\libgatt_lib_ram.a(hal_debugbus_state.o)
 .data          0x00000000        0x0 C:\CSR_uEnergy_SDK-2.3.0.31\tools\lib\CSR101x_A05\libgatt_lib_ram.a(hal_debugbus_state.o)
 .bss           0x00000000        0x0 C:\CSR_uEnergy_SDK-2.3.0.31\tools\lib\CSR101x_A05\libgatt_lib_ram.a(hal_debugbus_state.o)
 .text          0x00000000        0x0 C:\CSR_uEnergy_SDK-2.3.0.31\tools\lib\CSR101x_A05\libgatt_lib_ram.a(patch_halradiotrim.o)
 .data          0x00000000        0x0 C:\CSR_uEnergy_SDK-2.3.0.31\tools\lib\CSR101x_A05\libgatt_lib_ram.a(patch_halradiotrim.o)
 .bss           0x00000000        0x0 C:\CSR_uEnergy_SDK-2.3.0.31\tools\lib\CSR101x_A05\libgatt_lib_ram.a(patch_halradiotrim.o)
 .text.___libgatt_lib_db_4016
                0x00000000        0x0 C:\CSR_uEnergy_SDK-2.3.0.31\tools\lib\CSR101x_A05\libgatt_lib_ram.a(patch_halradiotrim.o)
 .text.___libgatt_lib_db_4643
                0x00000000        0x0 C:\CSR_uEnergy_SDK-2.3.0.31\tools\lib\CSR101x_A05\libgatt_lib_ram.a(patch_halradiotrim.o)
 .text          0x00000000        0x0 C:\CSR_uEnergy_SDK-2.3.0.31\tools\lib\CSR101x_A05\libgatt_lib_ram.a(patch_timer.o)
 .data          0x00000000        0x0 C:\CSR_uEnergy_SDK-2.3.0.31\tools\lib\CSR101x_A05\libgatt_lib_ram.a(patch_timer.o)
 .bss           0x00000000        0x0 C:\CSR_uEnergy_SDK-2.3.0.31\tools\lib\CSR101x_A05\libgatt_lib_ram.a(patch_timer.o)
 .text          0x00000000        0x0 C:\CSR_uEnergy_SDK-2.3.0.31\tools\lib\CSR101x_A05\libgatt_lib_ram.a(main_ram.o)
 .data          0x00000000        0x0 C:\CSR_uEnergy_SDK-2.3.0.31\tools\lib\CSR101x_A05\libgatt_lib_ram.a(main_ram.o)
 .bss           0x00000000        0x0 C:\CSR_uEnergy_SDK-2.3.0.31\tools\lib\CSR101x_A05\libgatt_lib_ram.a(main_ram.o)
 .text          0x00000000        0x0 C:\CSR_uEnergy_SDK-2.3.0.31\tools\lib\CSR101x_A05\libgatt_lib_ram.a(hw_patch_install.o)
 .data          0x00000000        0x0 C:\CSR_uEnergy_SDK-2.3.0.31\tools\lib\CSR101x_A05\libgatt_lib_ram.a(hw_patch_install.o)
 .bss           0x00000000        0x0 C:\CSR_uEnergy_SDK-2.3.0.31\tools\lib\CSR101x_A05\libgatt_lib_ram.a(hw_patch_install.o)
 .text          0x00000000        0x0 C:\CSR_uEnergy_SDK-2.3.0.31\tools\lib\CSR101x_A05\libgatt_lib_ram.a(patch_baldrick.o)
 .data          0x00000000        0x0 C:\CSR_uEnergy_SDK-2.3.0.31\tools\lib\CSR101x_A05\libgatt_lib_ram.a(patch_baldrick.o)
 .bss           0x00000000        0x0 C:\CSR_uEnergy_SDK-2.3.0.31\tools\lib\CSR101x_A05\libgatt_lib_ram.a(patch_baldrick.o)
 .text          0x00000000        0x0 C:\CSR_uEnergy_SDK-2.3.0.31\tools\lib\CSR101x_A05\libgatt_lib_ram.a(patch_i2c_app_mem_mgr.o)
 .data          0x00000000        0x0 C:\CSR_uEnergy_SDK-2.3.0.31\tools\lib\CSR101x_A05\libgatt_lib_ram.a(patch_i2c_app_mem_mgr.o)
 .bss           0x00000000        0x0 C:\CSR_uEnergy_SDK-2.3.0.31\tools\lib\CSR101x_A05\libgatt_lib_ram.a(patch_i2c_app_mem_mgr.o)
 .text          0x00000000        0x0 C:\CSR_uEnergy_SDK-2.3.0.31\tools\lib\CSR101x_A05\libgatt_lib_ram.a(id_ram.o)
 .data          0x00000000        0x0 C:\CSR_uEnergy_SDK-2.3.0.31\tools\lib\CSR101x_A05\libgatt_lib_ram.a(id_ram.o)
 .bss           0x00000000        0x0 C:\CSR_uEnergy_SDK-2.3.0.31\tools\lib\CSR101x_A05\libgatt_lib_ram.a(id_ram.o)
 .text          0x00000000        0x0 C:\CSR_uEnergy_SDK-2.3.0.31\tools\lib\CSR101x_A05\libgatt_lib_ram.a(slut.o)
 .data          0x00000000        0x0 C:\CSR_uEnergy_SDK-2.3.0.31\tools\lib\CSR101x_A05\libgatt_lib_ram.a(slut.o)
 .bss           0x00000000        0x0 C:\CSR_uEnergy_SDK-2.3.0.31\tools\lib\CSR101x_A05\libgatt_lib_ram.a(slut.o)
 .text          0x00000000        0x0 C:\CSR_uEnergy_SDK-2.3.0.31\tools\lib\CSR101x_A05\libgatt_lib_ram.a(sw_patch_ram.o)
 .data          0x00000000        0x0 C:\CSR_uEnergy_SDK-2.3.0.31\tools\lib\CSR101x_A05\libgatt_lib_ram.a(sw_patch_ram.o)
 .bss           0x00000000        0x0 C:\CSR_uEnergy_SDK-2.3.0.31\tools\lib\CSR101x_A05\libgatt_lib_ram.a(sw_patch_ram.o)
 .text          0x00000000        0x0 C:\CSR_uEnergy_SDK-2.3.0.31\tools\lib\CSR101x_A05\libgatt_lib_ram.a(patch_ls_l2cap_if.o)
 .data          0x00000000        0x0 C:\CSR_uEnergy_SDK-2.3.0.31\tools\lib\CSR101x_A05\libgatt_lib_ram.a(patch_ls_l2cap_if.o)
 .bss           0x00000000        0x0 C:\CSR_uEnergy_SDK-2.3.0.31\tools\lib\CSR101x_A05\libgatt_lib_ram.a(patch_ls_l2cap_if.o)
 .text          0x00000000        0x0 C:\CSR_uEnergy_SDK-2.3.0.31\tools\lib\CSR101x_A05\libgatt_lib_ram.a(patch_att_install.o)
 .data          0x00000000        0x0 C:\CSR_uEnergy_SDK-2.3.0.31\tools\lib\CSR101x_A05\libgatt_lib_ram.a(patch_att_install.o)
 .bss           0x00000000        0x0 C:\CSR_uEnergy_SDK-2.3.0.31\tools\lib\CSR101x_A05\libgatt_lib_ram.a(patch_att_install.o)
 .text          0x00000000        0x0 C:\CSR_uEnergy_SDK-2.3.0.31\tools\lib\CSR101x_A05\libgatt_lib_ram.a(patch_george_adv.o)
 .data          0x00000000        0x0 C:\CSR_uEnergy_SDK-2.3.0.31\tools\lib\CSR101x_A05\libgatt_lib_ram.a(patch_george_adv.o)
 .bss           0x00000000        0x0 C:\CSR_uEnergy_SDK-2.3.0.31\tools\lib\CSR101x_A05\libgatt_lib_ram.a(patch_george_adv.o)
 .text          0x00000000        0x0 C:\CSR_uEnergy_SDK-2.3.0.31\tools\lib\CSR101x_A05\libgatt_lib_ram.a(patch_halradio.o)
 .data          0x00000000        0x0 C:\CSR_uEnergy_SDK-2.3.0.31\tools\lib\CSR101x_A05\libgatt_lib_ram.a(patch_halradio.o)
 .bss           0x00000000        0x0 C:\CSR_uEnergy_SDK-2.3.0.31\tools\lib\CSR101x_A05\libgatt_lib_ram.a(patch_halradio.o)
 .text          0x00000000        0x0 C:\CSR_uEnergy_SDK-2.3.0.31\tools\lib\CSR101x_A05\libgatt_lib_ram.a(patch_reset.o)
 .data          0x00000000        0x0 C:\CSR_uEnergy_SDK-2.3.0.31\tools\lib\CSR101x_A05\libgatt_lib_ram.a(patch_reset.o)
 .bss           0x00000000        0x0 C:\CSR_uEnergy_SDK-2.3.0.31\tools\lib\CSR101x_A05\libgatt_lib_ram.a(patch_reset.o)
 .text          0x00000000        0x0 C:\CSR_uEnergy_SDK-2.3.0.31\tools\lib\CSR101x_A05\libgatt_lib_ram.a(patch_pools.o)
 .data          0x00000000        0x0 C:\CSR_uEnergy_SDK-2.3.0.31\tools\lib\CSR101x_A05\libgatt_lib_ram.a(patch_pools.o)
 .bss           0x00000000        0x0 C:\CSR_uEnergy_SDK-2.3.0.31\tools\lib\CSR101x_A05\libgatt_lib_ram.a(patch_pools.o)
 .text          0x00000000        0x0 C:\CSR_uEnergy_SDK-2.3.0.31\tools\lib\CSR101x_A05\libgatt_lib_ram.a(patch_background_loop.o)
 .data          0x00000000        0x0 C:\CSR_uEnergy_SDK-2.3.0.31\tools\lib\CSR101x_A05\libgatt_lib_ram.a(patch_background_loop.o)
 .bss           0x00000000        0x0 C:\CSR_uEnergy_SDK-2.3.0.31\tools\lib\CSR101x_A05\libgatt_lib_ram.a(patch_background_loop.o)
 .text          0x00000000        0x0 C:\CSR_uEnergy_SDK-2.3.0.31\tools\lib\CSR101x_A05\libgatt_lib_ram.a(patch_fault.o)
 .data          0x00000000        0x0 C:\CSR_uEnergy_SDK-2.3.0.31\tools\lib\CSR101x_A05\libgatt_lib_ram.a(patch_fault.o)
 .bss           0x00000000        0x0 C:\CSR_uEnergy_SDK-2.3.0.31\tools\lib\CSR101x_A05\libgatt_lib_ram.a(patch_fault.o)
 .text.PanicReadFwFault
                0x00000000        0x0 C:\CSR_uEnergy_SDK-2.3.0.31\tools\lib\CSR101x_A05\libgatt_lib_ram.a(patch_fault.o)
 .text.PanicClearFwFault
                0x00000000        0x0 C:\CSR_uEnergy_SDK-2.3.0.31\tools\lib\CSR101x_A05\libgatt_lib_ram.a(patch_fault.o)
 .bss.__PATCH__ZERO_
                0x00000000        0x0 C:\CSR_uEnergy_SDK-2.3.0.31\tools\lib\CSR101x_A05\libgatt_lib_ram.a(patch_fault.o)
 .text          0x00000000        0x0 C:\CSR_uEnergy_SDK-2.3.0.31\tools\lib\CSR101x_A05\libgatt_lib_ram.a(patch_pmu.o)
 .data          0x00000000        0x0 C:\CSR_uEnergy_SDK-2.3.0.31\tools\lib\CSR101x_A05\libgatt_lib_ram.a(patch_pmu.o)
 .bss           0x00000000        0x0 C:\CSR_uEnergy_SDK-2.3.0.31\tools\lib\CSR101x_A05\libgatt_lib_ram.a(patch_pmu.o)
 .text          0x00000000        0x0 C:\CSR_uEnergy_SDK-2.3.0.31\tools\lib\CSR101x_A05\libgatt_lib_ram.a(patch_thermometer.o)
 .data          0x00000000        0x0 C:\CSR_uEnergy_SDK-2.3.0.31\tools\lib\CSR101x_A05\libgatt_lib_ram.a(patch_thermometer.o)
 .bss           0x00000000        0x0 C:\CSR_uEnergy_SDK-2.3.0.31\tools\lib\CSR101x_A05\libgatt_lib_ram.a(patch_thermometer.o)

Memory Configuration

Name             Origin             Length             Attributes
*default*        0x00000000         0xffffffff

Linker script and memory map

LOAD depend_Release_CSR101x_A05\app_gatt_db.o
LOAD depend_Release_CSR101x_A05\glucose_service.o
LOAD depend_Release_CSR101x_A05\battery_service.o
LOAD depend_Release_CSR101x_A05\dev_info_service.o
LOAD depend_Release_CSR101x_A05\gap_service.o
LOAD depend_Release_CSR101x_A05\glucose_sensor.o
LOAD depend_Release_CSR101x_A05\glucose_sensor_gatt.o
LOAD depend_Release_CSR101x_A05\glucose_sensor_hw.o
LOAD depend_Release_CSR101x_A05\nvm_access.o
LOAD depend_Release_CSR101x_A05\uartio.o
LOAD depend_Release_CSR101x_A05\byte_queue.o
LOAD depend_Release_CSR101x_A05\Calc_CRC.o
LOAD C:\CSR_uEnergy_SDK-2.3.0.31\tools\lib\CSR101x_A05\libgatt_lib_ram.a
LOAD C:\CSR_uEnergy_SDK-2.3.0.31\tools\lib\CSR101x_A05\rom_img.elf
                0x00000000                PROG_RAM_START = 0x0
                0x00008000                PROG_RAM_SIZE = 0x8000
                0x00008000                PROG_ROM_START = 0x8000
                0x00008000                PROG_ROM_SIZE = 0x8000
                0x00002000                DATA_RAM_START = 0x2000
                0x00008000                DATA_RAM_SIZE = 0x8000
                0x000001b0                RADIOBUFS_SIZE = 0x1b0
                0x00000020                WHITELIST_SIZE = 0x20
                0x00000164                RADIODATA_SIZE = 0x164
                0x00000200                USTACK_SIZE = 0x200
                0x00000100                ISTACK_SIZE = 0x100
                0x00009f84                DATA_CSTORE_START = 0x9f84
                0x00000058                CSTORE_SIZE = 0x58
                0x00000004                SLT_SIZE = 0x4
                0x00000020                PRESERVE_SIZE = 0x20
                0x0000a000                DATA_RAM_END = 0xa000
                0x0000a000                DATA_ROM_START = 0xa000
                0x00004000                DATA_ROM_SIZE = 0x4000
                0x0000ef80                DATA_PERSIST_START = 0xef80
                0x00000080                DATA_PERSIST_SIZE = 0x80
                0x00009360                DATA_ROMDATA_START = 0x9360
                0x00000000                PROG_APPCODE_START = 0x0
                0x00006c00                PROG_APPCODE_END = 0x6c00
                0x00008c40                DATA_APPDATA_START = 0x8c40
                0x00008f00                DATA_APPDATA_END = 0x8f00
                0x80000000                $CODE$ = 0x80000000
                0x00000000                $DATA$ = 0x0
                0x0000ffe0                PROVIDE ($XAP_AH, 0xffe0)
                0x0000ffe1                PROVIDE ($XAP_AL, 0xffe1)
                0x0000ffe2                PROVIDE ($XAP_UXH, 0xffe2)
                0x0000ffe3                PROVIDE ($XAP_UXL, 0xffe3)
                0x0000ffe4                PROVIDE ($XAP_UY, 0xffe4)
                0x0000ffe5                PROVIDE ($XAP_IXH, 0xffe5)
                0x0000ffe6                PROVIDE ($XAP_IXL, 0xffe6)
                0x0000ffe7                PROVIDE ($XAP_IY, 0xffe7)
                0x00000008                . = 0x8

.app_ram_init   0x00000008        0x1
 *(RAM_APP_INIT)
 RAM_APP_INIT   0x00000008        0x1 C:\CSR_uEnergy_SDK-2.3.0.31\tools\lib\CSR101x_A05\libgatt_lib_ram.a(main_ram.o)
                0x00000008                main_ram_app_init

.fw_patch_bitmap
                0x00000009        0x6
 *(FW_PATCH_BITMAP)
 FW_PATCH_BITMAP
                0x00000009        0x6 C:\CSR_uEnergy_SDK-2.3.0.31\tools\lib\CSR101x_A05\libgatt_lib_ram.a(sw_patch_ram.o)
                0x00000009                patch_bitmap

.fw_patch_table
                0x0000000f        0x1
 *(FW_PATCH_TABLE)
 FW_PATCH_TABLE
                0x0000000f        0x1 C:\CSR_uEnergy_SDK-2.3.0.31\tools\lib\CSR101x_A05\libgatt_lib_ram.a(sw_patch_ram.o)
                0x0000000f                patch_table
                0x00000010                PROG_APPCODE_START = .

.text           0x00000010     0x1f6f load address 0x80000010
 *xap2crt0.o(.text)
 *xap2crt0.o(.text.*)
                0x00000010                PROG_PATCH_ADDRESS = .
 *(.hw_patch)
 .hw_patch      0x00000010      0x158 C:\CSR_uEnergy_SDK-2.3.0.31\tools\lib\CSR101x_A05\libgatt_lib_ram.a(patch_baldrick.o)
                0x00000010                hw_patch
 *(.text)
 .text          0x00000168       0x3e C:\CSR_uEnergy_SDK-2.3.0.31\tools\lib\CSR101x_A05\libgatt_lib_ram.a(sm_pair_auth.o)
                0x00000168                SMPairingAuthRsp
                0x00000182                ___libgatt_lib_db_4573
 .text          0x000001a6       0x3e C:\CSR_uEnergy_SDK-2.3.0.31\tools\lib\CSR101x_A05\libgatt_lib_ram.a(sm_ram.o)
                0x000001d6                SMDistributeMasterLtk
                0x000001a6                ___libgatt_lib_db_476
                0x000001b8                SMFeaturesReq
 .text          0x000001e4       0x26 C:\CSR_uEnergy_SDK-2.3.0.31\tools\lib\CSR101x_A05\libgatt_lib_ram.a(sm_div.o)
                0x000001f8                ___libgatt_lib_db_487
                0x000001e4                SMDivApproval
 .text          0x0000020a      0x187 C:\CSR_uEnergy_SDK-2.3.0.31\tools\lib\CSR101x_A05\libgatt_lib_ram.a(patch_sm.o)
                0x000002ee                ___libgatt_lib_db_4591
                0x0000023f                ___libgatt_lib_db_4582
                0x0000020a                ___libgatt_lib_db_4579
                0x00000342                ___libgatt_lib_db_4581
                0x00000272                ___libgatt_lib_db_4583
                0x000002c5                ___libgatt_lib_db_4580
                0x000002cf                ___libgatt_lib_db_4578
 *(.text.*)
 .text.GattGetDatabase
                0x00000391        0x8 depend_Release_CSR101x_A05\app_gatt_db.o
                0x00000391                GattGetDatabase
 .text.deleteMeasRecordsBasedOnSeqNum
                0x00000399       0x2e depend_Release_CSR101x_A05\glucose_service.o
 .text.sendMeasBasedOnSeqNum
                0x000003c7       0x53 depend_Release_CSR101x_A05\glucose_service.o
 .text.GlucoseInitChipReset
                0x0000041a       0x11 depend_Release_CSR101x_A05\glucose_service.o
                0x0000041a                GlucoseInitChipReset
 .text.IsGlucoseDataPending
                0x0000042b        0x8 depend_Release_CSR101x_A05\glucose_service.o
                0x0000042b                IsGlucoseDataPending
 .text.GlucoseCheckHandleRange
                0x00000433        0x7 depend_Release_CSR101x_A05\glucose_service.o
                0x00000433                GlucoseCheckHandleRange
 .text.GlucoseBondingNotify
                0x0000043a       0x28 depend_Release_CSR101x_A05\glucose_service.o
                0x0000043a                GlucoseBondingNotify
 .text.GlucoseSeqNumInit
                0x00000462        0xb depend_Release_CSR101x_A05\glucose_service.o
                0x00000462                GlucoseSeqNumInit
 .text.sendRACPResponseInd
                0x0000046d       0x2c depend_Release_CSR101x_A05\glucose_service.o
 .text.sendMeasNotifications
                0x00000499       0x2f depend_Release_CSR101x_A05\glucose_service.o
 .text.sendMeasContextOrMoveToNextRecord
                0x000004c8       0x60 depend_Release_CSR101x_A05\glucose_service.o
 .text.GlucoseHandleSignalGattCharValNotCfm
                0x00000528       0x18 depend_Release_CSR101x_A05\glucose_service.o
                0x00000528                GlucoseHandleSignalGattCharValNotCfm
 .text.GlucoseHandleSignalLsRadioEventInd
                0x00000540       0x38 depend_Release_CSR101x_A05\glucose_service.o
                0x00000540                GlucoseHandleSignalLsRadioEventInd
 .text.ptsSendMeasNotifications
                0x00000578        0x9 depend_Release_CSR101x_A05\glucose_service.o
 .text.GlucoseReadDataFromNVM
                0x00000581       0x2f depend_Release_CSR101x_A05\glucose_service.o
                0x00000581                GlucoseReadDataFromNVM
 .text.GlucoseDataInit
                0x000005b0       0x26 depend_Release_CSR101x_A05\glucose_service.o
                0x000005b0                GlucoseDataInit
 .text.GlucoseHandleAccessWrite
                0x000005d6      0x285 depend_Release_CSR101x_A05\glucose_service.o
                0x000005d6                GlucoseHandleAccessWrite
 .text.GlucoseHandleAccessRead
                0x0000085b       0x42 depend_Release_CSR101x_A05\glucose_service.o
                0x0000085b                GlucoseHandleAccessRead
 .text.AddGlucoseMeasurementToQueue
                0x0000089d       0xa2 depend_Release_CSR101x_A05\glucose_service.o
                0x0000089d                AddGlucoseMeasurementToQueue
 .text.BatteryInitChipReset
                0x0000093f        0x4 depend_Release_CSR101x_A05\battery_service.o
                0x0000093f                BatteryInitChipReset
 .text.BatteryCheckHandleRange
                0x00000943        0x6 depend_Release_CSR101x_A05\battery_service.o
                0x00000943                BatteryCheckHandleRange
 .text.BatteryBondingNotify
                0x00000949        0xf depend_Release_CSR101x_A05\battery_service.o
                0x00000949                BatteryBondingNotify
 .text.BatteryReadDataFromNVM
                0x00000958       0x15 depend_Release_CSR101x_A05\battery_service.o
                0x00000958                BatteryReadDataFromNVM
 .text.readBatteryLevel
                0x0000096d       0x28 depend_Release_CSR101x_A05\battery_service.o
 .text.BatteryUpdateLevel
                0x00000995       0x22 depend_Release_CSR101x_A05\battery_service.o
                0x00000995                BatteryUpdateLevel
 .text.BatteryDataInit
                0x000009b7        0x8 depend_Release_CSR101x_A05\battery_service.o
                0x000009b7                BatteryDataInit
 .text.BatteryHandleAccessWrite
                0x000009bf       0x3f depend_Release_CSR101x_A05\battery_service.o
                0x000009bf                BatteryHandleAccessWrite
 .text.BatteryHandleAccessRead
                0x000009fe       0x34 depend_Release_CSR101x_A05\battery_service.o
                0x000009fe                BatteryHandleAccessRead
 .text.DeviceInfoCheckHandleRange
                0x00000a32        0x7 depend_Release_CSR101x_A05\dev_info_service.o
                0x00000a32                DeviceInfoCheckHandleRange
 .text.DeviceInfoHandleAccessRead
                0x00000a39       0x4e depend_Release_CSR101x_A05\dev_info_service.o
                0x00000a39                DeviceInfoHandleAccessRead
 .text.GapCheckHandleRange
                0x00000a87        0x7 depend_Release_CSR101x_A05\gap_service.o
                0x00000a87                GapCheckHandleRange
 .text.GapGetNameAndLength
                0x00000a8e        0xc depend_Release_CSR101x_A05\gap_service.o
                0x00000a8e                GapGetNameAndLength
 .text.GapDataInit
                0x00000a9a        0xb depend_Release_CSR101x_A05\gap_service.o
                0x00000a9a                GapDataInit
 .text.gapWriteDeviceNameToNvm
                0x00000aa5       0x16 depend_Release_CSR101x_A05\gap_service.o
 .text.GapInitWriteDataToNVM
                0x00000abb        0xc depend_Release_CSR101x_A05\gap_service.o
                0x00000abb                GapInitWriteDataToNVM
 .text.GapReadDataFromNVM
                0x00000ac7       0x24 depend_Release_CSR101x_A05\gap_service.o
                0x00000ac7                GapReadDataFromNVM
 .text.GapHandleAccessRead
                0x00000aeb       0x1f depend_Release_CSR101x_A05\gap_service.o
                0x00000aeb                GapHandleAccessRead
 .text.GapHandleAccessWrite
                0x00000b0a       0x2f depend_Release_CSR101x_A05\gap_service.o
                0x00000b0a                GapHandleAccessWrite
 .text.AppIsDeviceBonded
                0x00000b39        0x3 depend_Release_CSR101x_A05\glucose_sensor.o
                0x00000b39                AppIsDeviceBonded
 .text.AppIsLinkEncrypted
                0x00000b3c        0x3 depend_Release_CSR101x_A05\glucose_sensor.o
                0x00000b3c                AppIsLinkEncrypted
 .text.GetAppConnectedUcid
                0x00000b3f        0x3 depend_Release_CSR101x_A05\glucose_sensor.o
                0x00000b3f                GetAppConnectedUcid
 .text.AppPowerOnReset
                0x00000b42        0x1 depend_Release_CSR101x_A05\glucose_sensor.o
                0x00000b42                AppPowerOnReset
 .text.DeleteIdleTimer
                0x00000b43        0xc depend_Release_CSR101x_A05\glucose_sensor.o
                0x00000b43                DeleteIdleTimer
 .text.gsDataInit
                0x00000b4f       0x33 depend_Release_CSR101x_A05\glucose_sensor.o
 .text.ResetIdleTimer
                0x00000b82       0x17 depend_Release_CSR101x_A05\glucose_sensor.o
                0x00000b82                ResetIdleTimer
 .text.AppProcessSystemEvent
                0x00000b99       0x16 depend_Release_CSR101x_A05\glucose_sensor.o
                0x00000b99                AppProcessSystemEvent
 .text.ReportPanic
                0x00000baf        0x3 depend_Release_CSR101x_A05\glucose_sensor.o
                0x00000baf                ReportPanic
 .text.requestConnParamUpdate
                0x00000bb2       0x21 depend_Release_CSR101x_A05\glucose_sensor.o
 .text.SetAppState
                0x00000bd3       0x58 depend_Release_CSR101x_A05\glucose_sensor.o
                0x00000bd3                SetAppState
 .text.handleBondingChanceTimerExpiry
                0x00000c2b        0xa depend_Release_CSR101x_A05\glucose_sensor.o
 .text.gsIdleTimerHandler
                0x00000c35        0xe depend_Release_CSR101x_A05\glucose_sensor.o
 .text.HandleExtraLongButtonPress
                0x00000c43       0x3b depend_Release_CSR101x_A05\glucose_sensor.o
                0x00000c43                HandleExtraLongButtonPress
 .text.HandleShortButtonPress
                0x00000c7e        0xd depend_Release_CSR101x_A05\glucose_sensor.o
                0x00000c7e                HandleShortButtonPress
 .text.AppInit  0x00000c8b       0xb7 depend_Release_CSR101x_A05\glucose_sensor.o
                0x00000c8b                AppInit
 .text.AppProcessLmEvent
                0x00000d42      0x248 depend_Release_CSR101x_A05\glucose_sensor.o
                0x00000d42                AppProcessLmEvent
 .text.GattGetSupported16BitUUIDServiceList
                0x00000f8a        0xa depend_Release_CSR101x_A05\glucose_sensor_gatt.o
                0x00000f8a                GattGetSupported16BitUUIDServiceList
 .text.GattIsAddressResolvableRandom
                0x00000f94       0x11 depend_Release_CSR101x_A05\glucose_sensor_gatt.o
                0x00000f94                GattIsAddressResolvableRandom
 .text.GattHandleAccessInd
                0x00000fa5       0x69 depend_Release_CSR101x_A05\glucose_sensor_gatt.o
                0x00000fa5                GattHandleAccessInd
 .text.GattStopAdverts
                0x0000100e        0x2 depend_Release_CSR101x_A05\glucose_sensor_gatt.o
                0x0000100e                GattStopAdverts
 .text.gattAdvertTimerHandler
                0x00001010       0x16 depend_Release_CSR101x_A05\glucose_sensor_gatt.o
 .text.gattSetAdvertParams
                0x00001026       0xb3 depend_Release_CSR101x_A05\glucose_sensor_gatt.o
 .text.GattStartAdverts
                0x000010d9       0x2f depend_Release_CSR101x_A05\glucose_sensor_gatt.o
                0x000010d9                GattStartAdverts
 .text.GattTriggerFastAdverts
                0x00001108        0xd depend_Release_CSR101x_A05\glucose_sensor_gatt.o
                0x00001108                GattTriggerFastAdverts
 .text.SetIndication
                0x00001115        0x1 depend_Release_CSR101x_A05\glucose_sensor_hw.o
                0x00001115                SetIndication
 .text.AppHwDataInit
                0x00001116        0xc depend_Release_CSR101x_A05\glucose_sensor_hw.o
                0x00001116                AppHwDataInit
 .text.HandlePIOChangedEvent
                0x00001122       0x29 depend_Release_CSR101x_A05\glucose_sensor_hw.o
                0x00001122                HandlePIOChangedEvent
 .text.InitGSHardware
                0x0000114b       0x47 depend_Release_CSR101x_A05\glucose_sensor_hw.o
                0x0000114b                InitGSHardware
 .text.SoundBuzzer
                0x00001192       0x47 depend_Release_CSR101x_A05\glucose_sensor_hw.o
                0x00001192                SoundBuzzer
 .text.appBuzzerTimerHandler
                0x000011d9       0x5e depend_Release_CSR101x_A05\glucose_sensor_hw.o
 .text.Nvm_Disable
                0x00001237        0x9 depend_Release_CSR101x_A05\nvm_access.o
                0x00001237                Nvm_Disable
 .text.Nvm_Write
                0x00001240        0xe depend_Release_CSR101x_A05\nvm_access.o
                0x00001240                Nvm_Write
 .text.Nvm_Read
                0x0000124e        0xe depend_Release_CSR101x_A05\nvm_access.o
                0x0000124e                Nvm_Read
 .text.calcDate
                0x0000125c      0x136 depend_Release_CSR101x_A05\uartio.o
                0x0000125c                calcDate
 .text.AddGlucoseMeasData
                0x00001392       0x5d depend_Release_CSR101x_A05\uartio.o
                0x00001392                AddGlucoseMeasData
 .text.sendPendingData
                0x000013ef       0x2d depend_Release_CSR101x_A05\uartio.o
 .text.readSerialNo
                0x0000141c       0x17 depend_Release_CSR101x_A05\uartio.o
 .text.sendAck  0x00001433       0x23 depend_Release_CSR101x_A05\uartio.o
 .text.uartTxDataCallback
                0x00001456        0x1 depend_Release_CSR101x_A05\uartio.o
 .text.uartRxDataCallback
                0x00001457       0x4b depend_Release_CSR101x_A05\uartio.o
 .text.uartHandle
                0x000014a2       0x4b depend_Release_CSR101x_A05\uartio.o
                0x000014a2                uartHandle
 .text.BQGetDataSize
                0x000014ed        0xc depend_Release_CSR101x_A05\byte_queue.o
                0x000014ed                BQGetDataSize
 .text.BQCommitLastPeek
                0x000014f9        0x5 depend_Release_CSR101x_A05\byte_queue.o
                0x000014f9                BQCommitLastPeek
 .text.peekBuffer
                0x000014fe       0x49 depend_Release_CSR101x_A05\byte_queue.o
 .text.BQPeekBytes
                0x00001547        0x1 depend_Release_CSR101x_A05\byte_queue.o
                0x00001547                BQPeekBytes
 .text.copyIntoBuffer
                0x00001548       0x63 depend_Release_CSR101x_A05\byte_queue.o
 .text.BQForceQueueBytes
                0x000015ab        0x1 depend_Release_CSR101x_A05\byte_queue.o
                0x000015ab                BQForceQueueBytes
 .text.___libgatt_lib_db_4554
                0x000015ac        0x7 C:\CSR_uEnergy_SDK-2.3.0.31\tools\lib\CSR101x_A05\libgatt_lib_ram.a(patch_ls_app_if.o)
                0x000015ac                ___libgatt_lib_db_4554
 .text.patch_process_hci_event
                0x000015b3       0x2f C:\CSR_uEnergy_SDK-2.3.0.31\tools\lib\CSR101x_A05\libgatt_lib_ram.a(patch_ls_app_if.o)
 .text.LsRadioEventNotification
                0x000015e2        0x9 C:\CSR_uEnergy_SDK-2.3.0.31\tools\lib\CSR101x_A05\libgatt_lib_ram.a(patch_ls_app_if.o)
                0x000015e2                LsRadioEventNotification
 .text.LsReadTransmitPowerLevel
                0x000015eb        0x8 C:\CSR_uEnergy_SDK-2.3.0.31\tools\lib\CSR101x_A05\libgatt_lib_ram.a(ls_app_if_ram.o)
                0x000015eb                LsReadTransmitPowerLevel
 .text.___libgatt_lib_db_4563
                0x000015f3        0xe C:\CSR_uEnergy_SDK-2.3.0.31\tools\lib\CSR101x_A05\libgatt_lib_ram.a(patch_ls_advertising_if.o)
                0x000015f3                ___libgatt_lib_db_4563
 .text.GattInit
                0x00001601       0x20 C:\CSR_uEnergy_SDK-2.3.0.31\tools\lib\CSR101x_A05\libgatt_lib_ram.a(gatt_ram.o)
                0x00001601                GattInit
 .text.GattCancelConnectReq
                0x00001621        0x6 C:\CSR_uEnergy_SDK-2.3.0.31\tools\lib\CSR101x_A05\libgatt_lib_ram.a(patch_gatt.o)
                0x00001621                GattCancelConnectReq
 .text.___libgatt_lib_db_4544
                0x00001627       0x18 C:\CSR_uEnergy_SDK-2.3.0.31\tools\lib\CSR101x_A05\libgatt_lib_ram.a(patch_george.o)
                0x00001627                ___libgatt_lib_db_4544
 .text.ram_le_connection_timeout_A05
                0x0000163f       0x34 C:\CSR_uEnergy_SDK-2.3.0.31\tools\lib\CSR101x_A05\libgatt_lib_ram.a(patch_george.o)
 .text.___libgatt_lib_db_4594
                0x00001673        0x8 C:\CSR_uEnergy_SDK-2.3.0.31\tools\lib\CSR101x_A05\libgatt_lib_ram.a(patch_george.o)
                0x00001673                ___libgatt_lib_db_4594
 .text.___libgatt_lib_db_4599
                0x0000167b       0x1b C:\CSR_uEnergy_SDK-2.3.0.31\tools\lib\CSR101x_A05\libgatt_lib_ram.a(patch_george.o)
                0x0000167b                ___libgatt_lib_db_4599
 .text.___libgatt_lib_db_4600
                0x00001696        0xc C:\CSR_uEnergy_SDK-2.3.0.31\tools\lib\CSR101x_A05\libgatt_lib_ram.a(patch_george.o)
                0x00001696                ___libgatt_lib_db_4600
 .text.___libgatt_lib_db_4598
                0x000016a2       0xde C:\CSR_uEnergy_SDK-2.3.0.31\tools\lib\CSR101x_A05\libgatt_lib_ram.a(patch_george.o)
                0x000016a2                ___libgatt_lib_db_4598
 .text.rx_timing_report
                0x00001780       0xb1 C:\CSR_uEnergy_SDK-2.3.0.31\tools\lib\CSR101x_A05\libgatt_lib_ram.a(patch_george.o)
 .text.ram_le_handle_event
                0x00001831      0x12c C:\CSR_uEnergy_SDK-2.3.0.31\tools\lib\CSR101x_A05\libgatt_lib_ram.a(patch_george.o)
 .text.___libgatt_lib_db_4550
                0x0000195d       0x1c C:\CSR_uEnergy_SDK-2.3.0.31\tools\lib\CSR101x_A05\libgatt_lib_ram.a(patch_george.o)
                0x0000195d                ___libgatt_lib_db_4550
 .text.___libgatt_lib_db_4549
                0x00001979       0x1c C:\CSR_uEnergy_SDK-2.3.0.31\tools\lib\CSR101x_A05\libgatt_lib_ram.a(patch_george.o)
                0x00001979                ___libgatt_lib_db_4549
 .text.___libgatt_lib_db_4609
                0x00001995        0xc C:\CSR_uEnergy_SDK-2.3.0.31\tools\lib\CSR101x_A05\libgatt_lib_ram.a(patch_george_ll.o)
                0x00001995                ___libgatt_lib_db_4609
 .text.___libgatt_lib_db_4608
                0x000019a1       0x11 C:\CSR_uEnergy_SDK-2.3.0.31\tools\lib\CSR101x_A05\libgatt_lib_ram.a(patch_george_ll.o)
                0x000019a1                ___libgatt_lib_db_4608
 .text.___libgatt_lib_db_4610
                0x000019b2      0x125 C:\CSR_uEnergy_SDK-2.3.0.31\tools\lib\CSR101x_A05\libgatt_lib_ram.a(patch_george_ll.o)
                0x000019b2                ___libgatt_lib_db_4610
 .text.___libgatt_lib_db_4619
                0x00001ad7       0x16 C:\CSR_uEnergy_SDK-2.3.0.31\tools\lib\CSR101x_A05\libgatt_lib_ram.a(patch_dbase.o)
                0x00001ad7                ___libgatt_lib_db_4619
 .text.___libgatt_lib_db_4620
                0x00001aed        0x7 C:\CSR_uEnergy_SDK-2.3.0.31\tools\lib\CSR101x_A05\libgatt_lib_ram.a(patch_dbase.o)
                0x00001aed                ___libgatt_lib_db_4620
 .text.___libgatt_lib_db_4640
                0x00001af4        0xc C:\CSR_uEnergy_SDK-2.3.0.31\tools\lib\CSR101x_A05\libgatt_lib_ram.a(hal_debugbus_state.o)
                0x00001af4                ___libgatt_lib_db_4640
 .text.___libgatt_lib_db_4639
                0x00001b00        0xc C:\CSR_uEnergy_SDK-2.3.0.31\tools\lib\CSR101x_A05\libgatt_lib_ram.a(hal_debugbus_state.o)
                0x00001b00                ___libgatt_lib_db_4639
 .text.___libgatt_lib_db_4645
                0x00001b0c        0x5 C:\CSR_uEnergy_SDK-2.3.0.31\tools\lib\CSR101x_A05\libgatt_lib_ram.a(patch_halradiotrim.o)
                0x00001b0c                ___libgatt_lib_db_4645
 .text.RAM_set_tx_power_parameters
                0x00001b11       0x57 C:\CSR_uEnergy_SDK-2.3.0.31\tools\lib\CSR101x_A05\libgatt_lib_ram.a(patch_halradiotrim.o)
 .text.___libgatt_lib_db_4646
                0x00001b68        0xb C:\CSR_uEnergy_SDK-2.3.0.31\tools\lib\CSR101x_A05\libgatt_lib_ram.a(patch_halradiotrim.o)
                0x00001b68                ___libgatt_lib_db_4646
 .text.___libgatt_lib_db_4644
                0x00001b73        0xa C:\CSR_uEnergy_SDK-2.3.0.31\tools\lib\CSR101x_A05\libgatt_lib_ram.a(patch_halradiotrim.o)
                0x00001b73                ___libgatt_lib_db_4644
 .text.___libgatt_lib_db_4654
                0x00001b7d       0x24 C:\CSR_uEnergy_SDK-2.3.0.31\tools\lib\CSR101x_A05\libgatt_lib_ram.a(patch_timer.o)
                0x00001b7d                ___libgatt_lib_db_4654
 .text.ram_app_init
                0x00001ba1       0x31 C:\CSR_uEnergy_SDK-2.3.0.31\tools\lib\CSR101x_A05\libgatt_lib_ram.a(main_ram.o)
                0x00001ba1                ram_app_init
 .text.___libgatt_lib_db_4364
                0x00001bd2        0x8 C:\CSR_uEnergy_SDK-2.3.0.31\tools\lib\CSR101x_A05\libgatt_lib_ram.a(hw_patch_install.o)
                0x00001bd2                ___libgatt_lib_db_4364
 .text.NvmConfigureI2cEeprom
                0x00001bda        0xd C:\CSR_uEnergy_SDK-2.3.0.31\tools\lib\CSR101x_A05\libgatt_lib_ram.a(patch_i2c_app_mem_mgr.o)
                0x00001bda                NvmConfigureI2cEeprom
 .text.new_disable_i2c
                0x00001be7        0xb C:\CSR_uEnergy_SDK-2.3.0.31\tools\lib\CSR101x_A05\libgatt_lib_ram.a(patch_i2c_app_mem_mgr.o)
 .text.IdGetLlVerBtle
                0x00001bf2        0x2 C:\CSR_uEnergy_SDK-2.3.0.31\tools\lib\CSR101x_A05\libgatt_lib_ram.a(id_ram.o)
                0x00001bf2                IdGetLlVerBtle
 .text.___libgatt_lib_db_4565
                0x00001bf4        0xa C:\CSR_uEnergy_SDK-2.3.0.31\tools\lib\CSR101x_A05\libgatt_lib_ram.a(patch_ls_l2cap_if.o)
                0x00001bf4                ___libgatt_lib_db_4565
 .text.___libgatt_lib_db_4567
                0x00001bfe        0xe C:\CSR_uEnergy_SDK-2.3.0.31\tools\lib\CSR101x_A05\libgatt_lib_ram.a(patch_att_install.o)
                0x00001bfe                ___libgatt_lib_db_4567
 .text.patch_att_handle_execute_write_req
                0x00001c0c       0xfb C:\CSR_uEnergy_SDK-2.3.0.31\tools\lib\CSR101x_A05\libgatt_lib_ram.a(patch_att_install.o)
 .text.patch_att_handle_read_multi_req
                0x00001d07       0xb7 C:\CSR_uEnergy_SDK-2.3.0.31\tools\lib\CSR101x_A05\libgatt_lib_ram.a(patch_att_install.o)
 .text.___libgatt_lib_db_4615
                0x00001dbe       0x5a C:\CSR_uEnergy_SDK-2.3.0.31\tools\lib\CSR101x_A05\libgatt_lib_ram.a(patch_george_adv.o)
                0x00001dbe                ___libgatt_lib_db_4615
 .text.___libgatt_lib_db_4616
                0x00001e18       0x1b C:\CSR_uEnergy_SDK-2.3.0.31\tools\lib\CSR101x_A05\libgatt_lib_ram.a(patch_george_adv.o)
                0x00001e18                ___libgatt_lib_db_4616
 .text.___libgatt_lib_db_4652
                0x00001e33       0x4e C:\CSR_uEnergy_SDK-2.3.0.31\tools\lib\CSR101x_A05\libgatt_lib_ram.a(patch_halradio.o)
                0x00001e33                ___libgatt_lib_db_4652
 .text.___libgatt_lib_db_4207
                0x00001e81        0xd C:\CSR_uEnergy_SDK-2.3.0.31\tools\lib\CSR101x_A05\libgatt_lib_ram.a(patch_reset.o)
                0x00001e81                ___libgatt_lib_db_4207
 .text.___libgatt_lib_db_4657
                0x00001e8e        0x5 C:\CSR_uEnergy_SDK-2.3.0.31\tools\lib\CSR101x_A05\libgatt_lib_ram.a(patch_pools.o)
                0x00001e8e                ___libgatt_lib_db_4657
 .text.___libgatt_lib_db_4660
                0x00001e93        0xf C:\CSR_uEnergy_SDK-2.3.0.31\tools\lib\CSR101x_A05\libgatt_lib_ram.a(patch_background_loop.o)
                0x00001e93                ___libgatt_lib_db_4660
 .text.___libgatt_lib_db_4662
                0x00001ea2        0x5 C:\CSR_uEnergy_SDK-2.3.0.31\tools\lib\CSR101x_A05\libgatt_lib_ram.a(patch_fault.o)
                0x00001ea2                ___libgatt_lib_db_4662
 .text.___libgatt_lib_db_4670
                0x00001ea7       0x2e C:\CSR_uEnergy_SDK-2.3.0.31\tools\lib\CSR101x_A05\libgatt_lib_ram.a(patch_pmu.o)
                0x00001ea7                ___libgatt_lib_db_4670
 .text.___libgatt_lib_db_4214
                0x00001ed5       0xaa C:\CSR_uEnergy_SDK-2.3.0.31\tools\lib\CSR101x_A05\libgatt_lib_ram.a(patch_thermometer.o)
                0x00001ed5                ___libgatt_lib_db_4214
 *(.apptext)
 *(.apptext.*)
 *xap2crte.o(.text)
 *xap2crte.o(.text.*)
                0x00001f7f                PROG_APPCODE_END = .
                0x00003f7f                DATA_CONST_START = (DATA_RAM_START + .)
                0x00003f7f                . = DATA_CONST_START

.const
 *(CONST)
 *(CONST.*)
                0x00003f7f                DATA_CONST_END = .
                0x00003f7f                DATA_RODATA_START = .
                0x00003f80                . = (. + 0x1)

.rodata         0x00003f80       0x8e
 *(.rodata)
 .rodata        0x00003f80        0x2 depend_Release_CSR101x_A05\glucose_sensor_gatt.o
 *(.rodata.*)
 .rodata.GlucoseHandleAccessWrite
                0x00003f82        0x7 depend_Release_CSR101x_A05\glucose_service.o
 .rodata.SetAppState
                0x00003f89        0x7 depend_Release_CSR101x_A05\glucose_sensor.o
 .rodata.HandleExtraLongButtonPress
                0x00003f90        0x5 depend_Release_CSR101x_A05\glucose_sensor.o
 .rodata.C.2..2541.
                0x00003f95        0x3 depend_Release_CSR101x_A05\glucose_sensor_gatt.o
 .rodata.daysInMonth.2634.
                0x00003f98        0xc depend_Release_CSR101x_A05\uartio.o
 .rodata.C.9..2569.
                0x00003fa4       0x12 depend_Release_CSR101x_A05\uartio.o
 .rodata.C.10..2575.
                0x00003fb6        0xa depend_Release_CSR101x_A05\uartio.o
 .rodata.C.14..2596.
                0x00003fc0        0x6 depend_Release_CSR101x_A05\uartio.o
 .rodata.tx_power_table
                0x00003fc6       0x28 C:\CSR_uEnergy_SDK-2.3.0.31\tools\lib\CSR101x_A05\libgatt_lib_ram.a(patch_halradiotrim.o)
                0x00003fc6                ___libgatt_lib_db_4651
 .rodata.ram_build_identifier_integer
                0x00003fee        0x1 C:\CSR_uEnergy_SDK-2.3.0.31\tools\lib\CSR101x_A05\libgatt_lib_ram.a(id_ram.o)
                0x00003fee                ram_build_identifier_integer
 .rodata.ram_build_identifier_string
                0x00003fef       0x16 C:\CSR_uEnergy_SDK-2.3.0.31\tools\lib\CSR101x_A05\libgatt_lib_ram.a(id_ram.o)
                0x00003fef                ram_build_identifier_string
 .rodata.slut_extended
                0x00004005        0x9 C:\CSR_uEnergy_SDK-2.3.0.31\tools\lib\CSR101x_A05\libgatt_lib_ram.a(slut.o)
                0x00004005                ___libgatt_lib_db_4678
                0x0000400e                DATA_RODATA_END = .

.bss            0x0000400e     0x1174
                0x0000400e                DATA_BSS_APP_START = .
 *(.bss)
 .bss           0x0000400e        0x8 C:\CSR_uEnergy_SDK-2.3.0.31\tools\lib\CSR101x_A05\libgatt_lib_ram.a(sm_pair_auth.o)
 .bss           0x00004016        0x2 C:\CSR_uEnergy_SDK-2.3.0.31\tools\lib\CSR101x_A05\libgatt_lib_ram.a(patch_sm.o)
 *(.bss.*)
 .bss.g_pts_generate_context_every_record
                0x00004018        0x1 depend_Release_CSR101x_A05\glucose_sensor.o
                0x00004018                g_pts_generate_context_every_record
 .bss.g_pts_abort_test
                0x00004019        0x1 depend_Release_CSR101x_A05\glucose_sensor.o
                0x00004019                g_pts_abort_test
 .bss.app_timers
                0x0000401a       0x1e depend_Release_CSR101x_A05\glucose_sensor.o
 .bss.rxflag    0x00004038        0x1 depend_Release_CSR101x_A05\uartio.o
 .bss.status    0x00004039        0x1 depend_Release_CSR101x_A05\uartio.o
 .bss.rx_buffer
                0x0000403a       0x20 depend_Release_CSR101x_A05\uartio.o
 .bss.tx_buffer
                0x0000405a       0x20 depend_Release_CSR101x_A05\uartio.o
 .bss.timeMeter
                0x0000407a        0x8 depend_Release_CSR101x_A05\uartio.o
 .bss.buffer    0x00004082        0x9 depend_Release_CSR101x_A05\uartio.o
 .bss.g_peek    0x0000408b        0x1 depend_Release_CSR101x_A05\byte_queue.o
 .bss.g_head    0x0000408c        0x1 depend_Release_CSR101x_A05\byte_queue.o
 .bss.g_tail    0x0000408d        0x1 depend_Release_CSR101x_A05\byte_queue.o
 .bss.g_queue   0x0000408e      0x100 depend_Release_CSR101x_A05\byte_queue.o
 .bss.__PATCH__ZERO_
                0x0000418e        0x1 C:\CSR_uEnergy_SDK-2.3.0.31\tools\lib\CSR101x_A05\libgatt_lib_ram.a(patch_ls_advertising_if.o)
 .bss.patch_pending
                0x0000418f        0x1 C:\CSR_uEnergy_SDK-2.3.0.31\tools\lib\CSR101x_A05\libgatt_lib_ram.a(patch_george.o)
                0x0000418f                patch_pending
 .bss.patch_rx_timing_report
                0x00004190        0x1 C:\CSR_uEnergy_SDK-2.3.0.31\tools\lib\CSR101x_A05\libgatt_lib_ram.a(patch_george.o)
                0x00004190                patch_rx_timing_report
 .bss.patch_pending_mode
                0x00004191        0x1 C:\CSR_uEnergy_SDK-2.3.0.31\tools\lib\CSR101x_A05\libgatt_lib_ram.a(patch_george.o)
                0x00004191                patch_pending_mode
 .bss.patch_conn_chm_update
                0x00004192        0x1 C:\CSR_uEnergy_SDK-2.3.0.31\tools\lib\CSR101x_A05\libgatt_lib_ram.a(patch_george.o)
                0x00004192                patch_conn_chm_update
 .bss.__PATCH__ZERO_
                0x00004193        0x1 C:\CSR_uEnergy_SDK-2.3.0.31\tools\lib\CSR101x_A05\libgatt_lib_ram.a(patch_george.o)
 .bss.tx_power_table_entry
                0x00004194        0x1 C:\CSR_uEnergy_SDK-2.3.0.31\tools\lib\CSR101x_A05\libgatt_lib_ram.a(patch_halradiotrim.o)
 .bss.__PATCH__ZERO_
                0x00004195        0x1 C:\CSR_uEnergy_SDK-2.3.0.31\tools\lib\CSR101x_A05\libgatt_lib_ram.a(patch_timer.o)
 .bss.__PATCH__ZERO_
                0x00004196        0x1 C:\CSR_uEnergy_SDK-2.3.0.31\tools\lib\CSR101x_A05\libgatt_lib_ram.a(patch_thermometer.o)
 COMMON         0x00004197      0xfb1 depend_Release_CSR101x_A05\glucose_service.o
                0x00004197                g_glucose_data
 COMMON         0x00005148        0x3 depend_Release_CSR101x_A05\battery_service.o
                0x00005148                g_batt_data
 COMMON         0x0000514b        0x8 depend_Release_CSR101x_A05\dev_info_service.o
                0x0000514b                g_dev_info_data
 COMMON         0x00005153        0x3 depend_Release_CSR101x_A05\gap_service.o
                0x00005153                g_gap_data
 COMMON         0x00005156       0x21 depend_Release_CSR101x_A05\glucose_sensor.o
                0x00005156                g_gs_data
 COMMON         0x00005177        0x4 depend_Release_CSR101x_A05\glucose_sensor_hw.o
                0x00005177                g_app_hw_data
 COMMON         0x0000517b        0x1 C:\CSR_uEnergy_SDK-2.3.0.31\tools\lib\CSR101x_A05\libgatt_lib_ram.a(sm_pair_auth.o)
                0x0000517b                pairing_req_instance
 COMMON         0x0000517c        0x2 C:\CSR_uEnergy_SDK-2.3.0.31\tools\lib\CSR101x_A05\libgatt_lib_ram.a(patch_sm.o)
                0x0000517c                sm_long_term_key_ind
                0x0000517d                sm_pairing_auth_ind
 COMMON         0x0000517e        0x1 C:\CSR_uEnergy_SDK-2.3.0.31\tools\lib\CSR101x_A05\libgatt_lib_ram.a(patch_george.o)
                0x0000517e                enable_lowduty_directed_adv
 COMMON         0x0000517f        0x3 C:\CSR_uEnergy_SDK-2.3.0.31\tools\lib\CSR101x_A05\libgatt_lib_ram.a(patch_george_ll.o)
                0x0000517f                george_earliest_transmit_offset
                0x00005182                DATA_BSS_APP_END = .
                0x00001174                BSS_APP_SIZE = (DATA_BSS_APP_END - DATA_BSS_APP_START)

.data           0x00005182      0x10f
                0x00005182                DATA_DATA_START = .
 *(.data)
 *(.data.*)
 .data.gattDatabase
                0x00005182       0xc7 depend_Release_CSR101x_A05\app_gatt_db.o
                0x00005182                gattDatabase
 .data.g_device_name
                0x00005249       0x16 depend_Release_CSR101x_A05\gap_service.o
                0x00005249                g_device_name
 .data.pending_pdu_acks
                0x0000525f        0x1 C:\CSR_uEnergy_SDK-2.3.0.31\tools\lib\CSR101x_A05\libgatt_lib_ram.a(patch_george_ll.o)
                0x0000525f                ___libgatt_lib_db_4611
 .data.tgap_con_param_update
                0x00005260        0x1 C:\CSR_uEnergy_SDK-2.3.0.31\tools\lib\CSR101x_A05\libgatt_lib_ram.a(patch_timer.o)
                0x00005260                ___libgatt_lib_db_4656
 .data.patch_table_data
                0x00005261       0x30 C:\CSR_uEnergy_SDK-2.3.0.31\tools\lib\CSR101x_A05\libgatt_lib_ram.a(sw_patch_ram.o)
                0x00005261                ___libgatt_lib_db_4542
                0x00005291                DATA_DATA_END = .
                0x0000ef80                . = DATA_PERSIST_START

PERSIST_MEM
 *(PERSIST_MEM)
 *(PERSIST_MEM.*)
                0x0000ef80                DATA_PERSIST_MEM_END = .
                0x00009f84                . = DATA_CSTORE_START

CONFIG_STORE    0x00009f84       0x40
 *(CONFIG_STORE)
 CONFIG_STORE   0x00009f84       0x40 C:\CSR_uEnergy_SDK-2.3.0.31\tools\lib\CSR101x_A05\libgatt_lib_ram.a(CONFIG_STORE.o)
                0x00009f84                ___libgatt_lib_db_4269
 *(CONFIG_STORE.*)
                0x00009fc4                DATA_CSTORE_END = .
                0x00000040                CS_SIZE = (DATA_CSTORE_END - DATA_CSTORE_START)
                0x00009fdc                . = ((DATA_RAM_END - PRESERVE_SIZE) - SLT_SIZE)

SLT             0x00009fdc        0x4
                0x00009fdc                SLT_START = .
 *(SLT)
 SLT            0x00009fdc        0x4 C:\CSR_uEnergy_SDK-2.3.0.31\tools\lib\CSR101x_A05\libgatt_lib_ram.a(slut.o)
                0x00009fdc                slut
 *(SLT.*)

.preserved      0x00009fe0        0x0
                0x00009fe0                PRESERVED_START = .
 *(PRES_DATA)
 *(PRES_DATA.*)
                0x00009f84                STACK_END = DATA_CSTORE_START
                0x00009c84                . = ((STACK_END - ISTACK_SIZE) - USTACK_SIZE)

.stack          0x00009c84      0x300
                0x00009c84                STACK_START = .
                0x00009c84                USTACK_START = .
                0x00009e84                USTACK_END = (USTACK_START + USTACK_SIZE)
 *(USTACK)
 *(USTACK.*)
                0x00009e84                . = USTACK_END
 *fill*         0x00009c84      0x400 00
                0x00009e84                ISTACK_START = .
                0x00009f84                ISTACK_END = (ISTACK_START + ISTACK_SIZE)
 *(ISTACK)
 *(ISTACK.*)
                0x00009f84                . = ISTACK_END
 *fill*         0x00009e84      0x200 00
                0x00009c84                ALIGNED_DATA_END = STACK_START
                0x00009950                . = (((ALIGNED_DATA_END - RADIODATA_SIZE) - WHITELIST_SIZE) - RADIOBUFS_SIZE)

.aligned_data   0x00009950      0x334
                0x00009950                ALIGNED_DATA_START = .
                0x00009950                DATA_RADIOBUFS_START = .
 *(RADINITTBL)
                0x00009b00                . = (ALIGNED_DATA_START + RADIOBUFS_SIZE)
 *fill*         0x00009950      0x360 00
                0x00009b00                DATA_WHITELIST_START = .
                0x00009b20                . = (DATA_WHITELIST_START + WHITELIST_SIZE)
 *fill*         0x00009b00       0x40 00
 *(.romradiodata)
 .romradiodata  0x00009b20      0x164 C:\CSR_uEnergy_SDK-2.3.0.31\tools\lib\CSR101x_A05\libgatt_lib_ram.a(.romradiodata.o)
                0x00009b20                DATA_TIMERSTRUCT_START
                0x00009b80                ___libgatt_lib_db_4171
                0x00009b20                ___libgatt_lib_db_4173
                0x00009b80                DATA_RCLUTS_START
                0x00009c84                ALIGN_END_ACTUAL = .
                0x00000001                ASSERT ((DATA_APPDATA_END > DATA_DATA_END), RAM DATA exceeds limit.)
LOAD c:/csr_uenergy_sdk-2.3.0.31/tools/bin/../lib/gcc/xap-local-xap/4.3.4\libgcc.a
OUTPUT(depend_Release_CSR101x_A05\glucose_sensor.elf elf32-xap2)

.debug_abbrev   0x00000000      0xa41
 .debug_abbrev  0x00000000       0x46 depend_Release_CSR101x_A05\app_gatt_db.o
 .debug_abbrev  0x0000008b      0x173 depend_Release_CSR101x_A05\glucose_service.o
 .debug_abbrev  0x00000370       0xf4 depend_Release_CSR101x_A05\battery_service.o
 .debug_abbrev  0x00000557       0xc7 depend_Release_CSR101x_A05\dev_info_service.o
 .debug_abbrev  0x000006e5       0xf8 depend_Release_CSR101x_A05\gap_service.o
 .debug_abbrev  0x000008d4      0x184 depend_Release_CSR101x_A05\glucose_sensor.o
 .debug_abbrev  0x00000bdc      0x12e depend_Release_CSR101x_A05\glucose_sensor_gatt.o
 .debug_abbrev  0x00000e37       0xc4 depend_Release_CSR101x_A05\glucose_sensor_hw.o
 .debug_abbrev  0x00000fbe       0x5b depend_Release_CSR101x_A05\nvm_access.o
 .debug_abbrev  0x00001073      0x10a depend_Release_CSR101x_A05\uartio.o
 .debug_abbrev  0x00001286       0xc3 depend_Release_CSR101x_A05\byte_queue.o
 .debug_abbrev  0x0000140b       0x3c depend_Release_CSR101x_A05\Calc_CRC.o

.debug_info     0x00000000     0x4d9f
 .debug_info    0x00000000       0x5f depend_Release_CSR101x_A05\app_gatt_db.o
 .debug_info    0x000000be      0xc21 depend_Release_CSR101x_A05\glucose_service.o
 .debug_info    0x000018ff      0x6f6 depend_Release_CSR101x_A05\battery_service.o
 .debug_info    0x000026eb      0x668 depend_Release_CSR101x_A05\dev_info_service.o
 .debug_info    0x000033bb      0x6c2 depend_Release_CSR101x_A05\gap_service.o
 .debug_info    0x0000413e     0x18f9 depend_Release_CSR101x_A05\glucose_sensor.o
 .debug_info    0x00007330      0x9f9 depend_Release_CSR101x_A05\glucose_sensor_gatt.o
 .debug_info    0x00008722      0x24e depend_Release_CSR101x_A05\glucose_sensor_hw.o
 .debug_info    0x00008bbe      0x207 depend_Release_CSR101x_A05\nvm_access.o
 .debug_info    0x00008fcb      0x3c7 depend_Release_CSR101x_A05\uartio.o
 .debug_info    0x00009759      0x18c depend_Release_CSR101x_A05\byte_queue.o
 .debug_info    0x00009a70       0x67 depend_Release_CSR101x_A05\Calc_CRC.o

.debug_line     0x00000000     0x185e
 .debug_line    0x00000000       0x59 depend_Release_CSR101x_A05\app_gatt_db.o
 .debug_line    0x000000b1      0x63a depend_Release_CSR101x_A05\glucose_service.o
 .debug_line    0x00000d25      0x186 depend_Release_CSR101x_A05\battery_service.o
 .debug_line    0x00001031       0xaa depend_Release_CSR101x_A05\dev_info_service.o
 .debug_line    0x00001184      0x13b depend_Release_CSR101x_A05\gap_service.o
 .debug_line    0x000013f9      0x561 depend_Release_CSR101x_A05\glucose_sensor.o
 .debug_line    0x00001eba      0x267 depend_Release_CSR101x_A05\glucose_sensor_gatt.o
 .debug_line    0x00002388      0x1ad depend_Release_CSR101x_A05\glucose_sensor_hw.o
 .debug_line    0x000026e1       0x9f depend_Release_CSR101x_A05\nvm_access.o
 .debug_line    0x0000281e      0x2c6 depend_Release_CSR101x_A05\uartio.o
 .debug_line    0x00002da9      0x14a depend_Release_CSR101x_A05\byte_queue.o
 .debug_line    0x0000303c       0x40 depend_Release_CSR101x_A05\Calc_CRC.o

.debug_frame    0x00000000      0x478
 .debug_frame   0x00000000       0x14 depend_Release_CSR101x_A05\app_gatt_db.o
 .debug_frame   0x00000028       0xd8 depend_Release_CSR101x_A05\glucose_service.o
 .debug_frame   0x000001d8       0x6c depend_Release_CSR101x_A05\battery_service.o
 .debug_frame   0x000002b0       0x1c depend_Release_CSR101x_A05\dev_info_service.o
 .debug_frame   0x000002e8       0x64 depend_Release_CSR101x_A05\gap_service.o
 .debug_frame   0x000003b0       0xb8 depend_Release_CSR101x_A05\glucose_sensor.o
 .debug_frame   0x00000520       0x64 depend_Release_CSR101x_A05\glucose_sensor_gatt.o
 .debug_frame   0x000005e8       0x58 depend_Release_CSR101x_A05\glucose_sensor_hw.o
 .debug_frame   0x00000698       0x2c depend_Release_CSR101x_A05\nvm_access.o
 .debug_frame   0x000006f0       0x7c depend_Release_CSR101x_A05\uartio.o
 .debug_frame   0x000007e8       0x70 depend_Release_CSR101x_A05\byte_queue.o
 .debug_frame   0x000008c8       0x14 depend_Release_CSR101x_A05\Calc_CRC.o

.debug_loc      0x00000000     0x1025
 .debug_loc     0x00000000       0x1f depend_Release_CSR101x_A05\app_gatt_db.o
 .debug_loc     0x0000003d      0x61d depend_Release_CSR101x_A05\glucose_service.o
 .debug_loc     0x00000c77      0x133 depend_Release_CSR101x_A05\battery_service.o
 .debug_loc     0x00000edd       0x61 depend_Release_CSR101x_A05\dev_info_service.o
 .debug_loc     0x00000f9e       0xfe depend_Release_CSR101x_A05\gap_service.o
 .debug_loc     0x00001199      0x216 depend_Release_CSR101x_A05\glucose_sensor.o
 .debug_loc     0x000015c4       0xe0 depend_Release_CSR101x_A05\glucose_sensor_gatt.o
 .debug_loc     0x00001783       0xb6 depend_Release_CSR101x_A05\glucose_sensor_hw.o
 .debug_loc     0x000018ee       0x75 depend_Release_CSR101x_A05\nvm_access.o
 .debug_loc     0x000019d7      0x192 depend_Release_CSR101x_A05\uartio.o
 .debug_loc     0x00001cfa      0x140 depend_Release_CSR101x_A05\byte_queue.o
 .debug_loc     0x00001f7a       0x68 depend_Release_CSR101x_A05\Calc_CRC.o

.debug_pubnames
                0x00000000      0x416
 .debug_pubnames
                0x00000000       0x1c depend_Release_CSR101x_A05\app_gatt_db.o
 .debug_pubnames
                0x00000037       0xbe depend_Release_CSR101x_A05\glucose_service.o
 .debug_pubnames
                0x000001b2       0x78 depend_Release_CSR101x_A05\battery_service.o
 .debug_pubnames
                0x000002a1       0x32 depend_Release_CSR101x_A05\dev_info_service.o
 .debug_pubnames
                0x00000305       0x6b depend_Release_CSR101x_A05\gap_service.o
 .debug_pubnames
                0x000003da       0xba depend_Release_CSR101x_A05\glucose_sensor.o
 .debug_pubnames
                0x0000054d       0x5d depend_Release_CSR101x_A05\glucose_sensor_gatt.o
 .debug_pubnames
                0x00000606       0x53 depend_Release_CSR101x_A05\glucose_sensor_hw.o
 .debug_pubnames
                0x000006ac       0x1f depend_Release_CSR101x_A05\nvm_access.o
 .debug_pubnames
                0x000006e9       0x2c depend_Release_CSR101x_A05\uartio.o
 .debug_pubnames
                0x00000740       0x62 depend_Release_CSR101x_A05\byte_queue.o
 .debug_pubnames
                0x00000804       0x14 depend_Release_CSR101x_A05\Calc_CRC.o

.debug_aranges  0x00000000      0x20c
 .debug_aranges
                0x00000000       0x10 depend_Release_CSR101x_A05\app_gatt_db.o
 .debug_aranges
                0x00000020       0x54 depend_Release_CSR101x_A05\glucose_service.o
 .debug_aranges
                0x000000c8       0x30 depend_Release_CSR101x_A05\battery_service.o
 .debug_aranges
                0x00000128       0x14 depend_Release_CSR101x_A05\dev_info_service.o
 .debug_aranges
                0x00000150       0x2c depend_Release_CSR101x_A05\gap_service.o
 .debug_aranges
                0x000001a8       0x50 depend_Release_CSR101x_A05\glucose_sensor.o
 .debug_aranges
                0x00000248       0x2c depend_Release_CSR101x_A05\glucose_sensor_gatt.o
 .debug_aranges
                0x000002a0       0x28 depend_Release_CSR101x_A05\glucose_sensor_hw.o
 .debug_aranges
                0x000002f0       0x18 depend_Release_CSR101x_A05\nvm_access.o
 .debug_aranges
                0x00000320       0x34 depend_Release_CSR101x_A05\uartio.o
 .debug_aranges
                0x00000388       0x38 depend_Release_CSR101x_A05\byte_queue.o
 .debug_aranges
                0x000003f8       0x10 depend_Release_CSR101x_A05\Calc_CRC.o

.debug_ranges   0x00000000      0x2b8
 .debug_ranges  0x00000000        0xc depend_Release_CSR101x_A05\app_gatt_db.o
 .debug_ranges  0x00000018       0xac depend_Release_CSR101x_A05\glucose_service.o
 .debug_ranges  0x00000170       0x2c depend_Release_CSR101x_A05\battery_service.o
 .debug_ranges  0x000001c8       0x10 depend_Release_CSR101x_A05\dev_info_service.o
 .debug_ranges  0x000001e8       0x28 depend_Release_CSR101x_A05\gap_service.o
 .debug_ranges  0x00000238       0x70 depend_Release_CSR101x_A05\glucose_sensor.o
 .debug_ranges  0x00000318       0x6c depend_Release_CSR101x_A05\glucose_sensor_gatt.o
 .debug_ranges  0x000003f0       0x24 depend_Release_CSR101x_A05\glucose_sensor_hw.o
 .debug_ranges  0x00000438       0x14 depend_Release_CSR101x_A05\nvm_access.o
 .debug_ranges  0x00000460       0x48 depend_Release_CSR101x_A05\uartio.o
 .debug_ranges  0x000004f0       0x34 depend_Release_CSR101x_A05\byte_queue.o
 .debug_ranges  0x00000558        0xc depend_Release_CSR101x_A05\Calc_CRC.o

.debug_str      0x00000000     0x3005
 .debug_str     0x00000000       0x78 depend_Release_CSR101x_A05\app_gatt_db.o
                                 0x85 (size before relaxing)
 .debug_str     0x000000f0     0x1614 depend_Release_CSR101x_A05\glucose_service.o
                               0x16a6 (size before relaxing)
 .debug_str     0x00002d17       0xa3 depend_Release_CSR101x_A05\battery_service.o
                               0x13df (size before relaxing)
 .debug_str     0x00002e5c       0x53 depend_Release_CSR101x_A05\dev_info_service.o
                               0x1330 (size before relaxing)
 .debug_str     0x00002f01       0x81 depend_Release_CSR101x_A05\gap_service.o
                               0x1362 (size before relaxing)
 .debug_str     0x00003002      0xfd8 depend_Release_CSR101x_A05\glucose_sensor.o
                               0x23aa (size before relaxing)
 .debug_str     0x00004fb1      0x3dc depend_Release_CSR101x_A05\glucose_sensor_gatt.o
                               0x1b3f (size before relaxing)
 .debug_str     0x00005768      0x291 depend_Release_CSR101x_A05\glucose_sensor_hw.o
                                0x407 (size before relaxing)
 .debug_str     0x00005c89       0x16 depend_Release_CSR101x_A05\nvm_access.o
                                0x5fc (size before relaxing)
 .debug_str     0x00005cb5      0x125 depend_Release_CSR101x_A05\uartio.o
                                0x1f7 (size before relaxing)
 .debug_str     0x00005eff       0x71 depend_Release_CSR101x_A05\byte_queue.o
                                 0xdd (size before relaxing)
 .debug_str     0x00005fe0       0x15 depend_Release_CSR101x_A05\Calc_CRC.o
                                 0x7a (size before relaxing)

.comment        0x00000000      0x45e
 .comment       0x00000000       0x1a depend_Release_CSR101x_A05\app_gatt_db.o
 .comment       0x0000001a       0x1a depend_Release_CSR101x_A05\glucose_service.o
 .comment       0x00000034       0x1a depend_Release_CSR101x_A05\battery_service.o
 .comment       0x0000004e       0x1a depend_Release_CSR101x_A05\dev_info_service.o
 .comment       0x00000068       0x1a depend_Release_CSR101x_A05\gap_service.o
 .comment       0x00000082       0x1a depend_Release_CSR101x_A05\glucose_sensor.o
 .comment       0x0000009c       0x1a depend_Release_CSR101x_A05\glucose_sensor_gatt.o
 .comment       0x000000b6       0x1a depend_Release_CSR101x_A05\glucose_sensor_hw.o
 .comment       0x000000d0       0x1a depend_Release_CSR101x_A05\nvm_access.o
 .comment       0x000000ea       0x1a depend_Release_CSR101x_A05\uartio.o
 .comment       0x00000104       0x1a depend_Release_CSR101x_A05\byte_queue.o
 .comment       0x0000011e       0x1a depend_Release_CSR101x_A05\Calc_CRC.o
 .comment       0x00000138       0x1a C:\CSR_uEnergy_SDK-2.3.0.31\tools\lib\CSR101x_A05\libgatt_lib_ram.a(patch_ls_app_if.o)
 .comment       0x00000152       0x1a C:\CSR_uEnergy_SDK-2.3.0.31\tools\lib\CSR101x_A05\libgatt_lib_ram.a(ls_app_if_ram.o)
 .comment       0x0000016c       0x1a C:\CSR_uEnergy_SDK-2.3.0.31\tools\lib\CSR101x_A05\libgatt_lib_ram.a(patch_ls_advertising_if.o)
 .comment       0x00000186       0x1a C:\CSR_uEnergy_SDK-2.3.0.31\tools\lib\CSR101x_A05\libgatt_lib_ram.a(gatt_ram.o)
 .comment       0x000001a0       0x1a C:\CSR_uEnergy_SDK-2.3.0.31\tools\lib\CSR101x_A05\libgatt_lib_ram.a(patch_gatt.o)
 .comment       0x000001ba       0x1a C:\CSR_uEnergy_SDK-2.3.0.31\tools\lib\CSR101x_A05\libgatt_lib_ram.a(sm_pair_auth.o)
 .comment       0x000001d4       0x1a C:\CSR_uEnergy_SDK-2.3.0.31\tools\lib\CSR101x_A05\libgatt_lib_ram.a(sm_ram.o)
 .comment       0x000001ee       0x1a C:\CSR_uEnergy_SDK-2.3.0.31\tools\lib\CSR101x_A05\libgatt_lib_ram.a(sm_div.o)
 .comment       0x00000208       0x1a C:\CSR_uEnergy_SDK-2.3.0.31\tools\lib\CSR101x_A05\libgatt_lib_ram.a(patch_sm.o)
 .comment       0x00000222       0x1a C:\CSR_uEnergy_SDK-2.3.0.31\tools\lib\CSR101x_A05\libgatt_lib_ram.a(patch_george.o)
 .comment       0x0000023c       0x1a C:\CSR_uEnergy_SDK-2.3.0.31\tools\lib\CSR101x_A05\libgatt_lib_ram.a(patch_george_ll.o)
 .comment       0x00000256       0x1a C:\CSR_uEnergy_SDK-2.3.0.31\tools\lib\CSR101x_A05\libgatt_lib_ram.a(patch_dbase.o)
 .comment       0x00000270       0x1a C:\CSR_uEnergy_SDK-2.3.0.31\tools\lib\CSR101x_A05\libgatt_lib_ram.a(hal_debugbus_state.o)
 .comment       0x0000028a       0x1a C:\CSR_uEnergy_SDK-2.3.0.31\tools\lib\CSR101x_A05\libgatt_lib_ram.a(patch_halradiotrim.o)
 .comment       0x000002a4       0x1a C:\CSR_uEnergy_SDK-2.3.0.31\tools\lib\CSR101x_A05\libgatt_lib_ram.a(patch_timer.o)
 .comment       0x000002be       0x1a C:\CSR_uEnergy_SDK-2.3.0.31\tools\lib\CSR101x_A05\libgatt_lib_ram.a(main_ram.o)
 .comment       0x000002d8       0x1a C:\CSR_uEnergy_SDK-2.3.0.31\tools\lib\CSR101x_A05\libgatt_lib_ram.a(hw_patch_install.o)
 .comment       0x000002f2       0x1a C:\CSR_uEnergy_SDK-2.3.0.31\tools\lib\CSR101x_A05\libgatt_lib_ram.a(patch_i2c_app_mem_mgr.o)
 .comment       0x0000030c       0x1a C:\CSR_uEnergy_SDK-2.3.0.31\tools\lib\CSR101x_A05\libgatt_lib_ram.a(id_ram.o)
 .comment       0x00000326       0x1a C:\CSR_uEnergy_SDK-2.3.0.31\tools\lib\CSR101x_A05\libgatt_lib_ram.a(slut.o)
 .comment       0x00000340       0x1a C:\CSR_uEnergy_SDK-2.3.0.31\tools\lib\CSR101x_A05\libgatt_lib_ram.a(sw_patch_ram.o)
 .comment       0x0000035a       0x1a C:\CSR_uEnergy_SDK-2.3.0.31\tools\lib\CSR101x_A05\libgatt_lib_ram.a(patch_ls_l2cap_if.o)
 .comment       0x00000374       0x1a C:\CSR_uEnergy_SDK-2.3.0.31\tools\lib\CSR101x_A05\libgatt_lib_ram.a(patch_att_install.o)
 .comment       0x0000038e       0x1a C:\CSR_uEnergy_SDK-2.3.0.31\tools\lib\CSR101x_A05\libgatt_lib_ram.a(patch_george_adv.o)
 .comment       0x000003a8       0x1a C:\CSR_uEnergy_SDK-2.3.0.31\tools\lib\CSR101x_A05\libgatt_lib_ram.a(patch_halradio.o)
 .comment       0x000003c2       0x1a C:\CSR_uEnergy_SDK-2.3.0.31\tools\lib\CSR101x_A05\libgatt_lib_ram.a(patch_reset.o)
 .comment       0x000003dc       0x1a C:\CSR_uEnergy_SDK-2.3.0.31\tools\lib\CSR101x_A05\libgatt_lib_ram.a(patch_pools.o)
 .comment       0x000003f6       0x1a C:\CSR_uEnergy_SDK-2.3.0.31\tools\lib\CSR101x_A05\libgatt_lib_ram.a(patch_background_loop.o)
 .comment       0x00000410       0x1a C:\CSR_uEnergy_SDK-2.3.0.31\tools\lib\CSR101x_A05\libgatt_lib_ram.a(patch_fault.o)
 .comment       0x0000042a       0x1a C:\CSR_uEnergy_SDK-2.3.0.31\tools\lib\CSR101x_A05\libgatt_lib_ram.a(patch_pmu.o)
 .comment       0x00000444       0x1a C:\CSR_uEnergy_SDK-2.3.0.31\tools\lib\CSR101x_A05\libgatt_lib_ram.a(patch_thermometer.o)
